<html>
<body>
<pre>
<h1>µVision Build Log</h1>
<h2>Tool Versions:</h2>
IDE-Version: ¦ÌVision V5.23.0.0
Copyright (C) 2017 ARM Ltd and ARM Germany GmbH. All rights reserved.
License Information: cao summer, cao, LIC=47GX7-EC7CU-X7ZRZ-JMECW-1GV9F-7C7IA
 
Tool Versions:
Toolchain:       MDK-ARM Plus  Version: 5.23
Toolchain Path:  D:\ARM\ARMCC\Bin
C Compiler:      Armcc.exe V5.06 update 4 (build 422)
Assembler:       Armasm.exe V5.06 update 4 (build 422)
Linker/Locator:  ArmLink.exe V5.06 update 4 (build 422)
Library Manager: ArmAr.exe V5.06 update 4 (build 422)
Hex Converter:   FromElf.exe V5.06 update 4 (build 422)
CPU DLL:         SARMCM3.DLL V5.23
Dialog DLL:      DCM.DLL V1.15.0.0
Target DLL:      lmidk-agdi.dll V???
Dialog DLL:      TCM.DLL V1.27.0.0
 
<h2>Project:</h2>
C:\Users\ÎÊÐÄÒ¶²Ý\Desktop\workspace\µ¹Á¢°Ú _tm4_keil2.0\freertos-TM4C123GXL.uvprojx
Project File Date:  03/22/2019

<h2>Output:</h2>
*** Using Compiler 'V5.06 update 4 (build 422)', folder: 'D:\ARM\ARMCC\Bin'
Build target 'Flight Control'
compiling my_include.c...
compiling inverted pendulum.c...
compiling usr_tasks.c...
compiling main.c...
compiling key.c...
compiling QEI_Model.c...
compiling ADC.c...
compiling PWM_Model.c...
compiling UART_Init.c...
compiling usartHmi.c...
compiling adc.c...
compiling uartstdio.c...
compiling DataScope_DP.C...
compiling qei.c...
compiling show.c...
linking...
Program Size: Code=10184 RO-data=1624 RW-data=1644 ZI-data=11476  
FromELF: creating hex file...
".\Objects\freertos-TM4C123GXL.axf" - 0 Error(s), 0 Warning(s).

<h2>Collection of Component include folders:</h2>
  .\RTE\_Flight_Control
  D:\ARM\PACK\Keil\TM4C_DFP\1.1.0\Device\Include\TM4C123

<h2>Collection of Component Files used:</h2>
Build Time Elapsed:  00:00:09
</pre>
</body>
</html>
