Component: ARM Compiler 5.06 update 6 (build 750) Tool: armlink [4d35ed]

==============================================================================

Section Cross References

    main.o(i.main) refers to my_include.o(i.BSP_SysInit) for BSP_SysInit
    main.o(i.main) refers to drv_led.o(i.LED_Init) for LED_Init
    main.o(i.main) refers to adc.o(i.ADC_Init) for ADC_Init
    main.o(i.main) refers to uart_init.o(i.InitConsole) for InitConsole
    main.o(i.main) refers to key.o(i.KEY_init) for KEY_init
    main.o(i.main) refers to pwm_model.o(i.PWM_Config) for PWM_Config
    main.o(i.main) refers to qei_model.o(i.QEI_Config) for QEI_Config
    main.o(i.main) refers to pid.o(i.PID_Speed_Init) for PID_Speed_Init
    main.o(i.main) refers to uartstdio.o(i.UARTprintf) for UARTprintf
    main.o(i.main) refers to tasks.o(i.xTaskGenericCreate) for xTaskGenericCreate
    main.o(i.main) refers to tasks.o(i.vTaskStartScheduler) for vTaskStartScheduler
    main.o(i.main) refers to main.o(.data) for .data
    main.o(i.main) refers to main.o(i.start_task) for start_task
    main.o(i.start_task) refers to port.o(i.vPortEnterCritical) for vPortEnterCritical
    main.o(i.start_task) refers to tasks.o(i.xTaskGenericCreate) for xTaskGenericCreate
    main.o(i.start_task) refers to tasks.o(i.vTaskDelete) for vTaskDelete
    main.o(i.start_task) refers to port.o(i.vPortExitCritical) for vPortExitCritical
    main.o(i.start_task) refers to main.o(.data) for .data
    main.o(i.start_task) refers to usr_tasks.o(i.task_blinky) for task_blinky
    main.o(i.start_task) refers to usr_tasks.o(i.task_adc) for task_adc
    main.o(i.start_task) refers to usr_tasks.o(i.task_key) for task_key
    main.o(i.start_task) refers to usr_tasks.o(i.task_pwm) for task_pwm
    main.o(i.start_task) refers to usr_tasks.o(i.task_qei) for task_qei
    main.o(i.start_task) refers to usr_tasks.o(i.task_main) for task_main
    startup_rvmdk.o(RESET) refers to startup_rvmdk.o(STACK) for StackMem
    startup_rvmdk.o(RESET) refers to port.o(.emb_text) for vPortSVCHandler
    startup_rvmdk.o(RESET) refers to port.o(i.xPortSysTickHandler) for xPortSysTickHandler
    startup_rvmdk.o(RESET) refers to entry.o(.ARM.Collect$$$$00000000) for __main
    usr_tasks.o(i.task_adc) refers to tasks.o(i.xTaskGetTickCount) for xTaskGetTickCount
    usr_tasks.o(i.task_adc) refers to adc.o(i.ADC_Trig) for ADC_Trig
    usr_tasks.o(i.task_adc) refers to uartstdio.o(i.UARTprintf) for UARTprintf
    usr_tasks.o(i.task_adc) refers to tasks.o(i.vTaskDelayUntil) for vTaskDelayUntil
    usr_tasks.o(i.task_adc) refers to adc.o(.data) for angle
    usr_tasks.o(i.task_blinky) refers to tasks.o(i.xTaskGetTickCount) for xTaskGetTickCount
    usr_tasks.o(i.task_blinky) refers to gpio.o(i.GPIOPinRead) for GPIOPinRead
    usr_tasks.o(i.task_blinky) refers to gpio.o(i.GPIOPinWrite) for GPIOPinWrite
    usr_tasks.o(i.task_blinky) refers to tasks.o(i.vTaskDelayUntil) for vTaskDelayUntil
    usr_tasks.o(i.task_blinky) refers to key.o(.data) for KeyPress
    usr_tasks.o(i.task_key) refers to tasks.o(i.xTaskGetTickCount) for xTaskGetTickCount
    usr_tasks.o(i.task_key) refers to key.o(i.key_scan) for key_scan
    usr_tasks.o(i.task_key) refers to tasks.o(i.vTaskDelayUntil) for vTaskDelayUntil
    usr_tasks.o(i.task_main) refers to tasks.o(i.xTaskGetTickCount) for xTaskGetTickCount
    usr_tasks.o(i.task_main) refers to pid.o(i.PIDSpeed_Realize) for PIDSpeed_Realize
    usr_tasks.o(i.task_main) refers to uartstdio.o(i.UARTprintf) for UARTprintf
    usr_tasks.o(i.task_main) refers to tasks.o(i.vTaskDelayUntil) for vTaskDelayUntil
    usr_tasks.o(i.task_main) refers to key.o(.data) for KeyPress
    usr_tasks.o(i.task_main) refers to adc.o(.data) for angle
    usr_tasks.o(i.task_main) refers to usr_tasks.o(.data) for .data
    usr_tasks.o(i.task_pwm) refers to tasks.o(i.xTaskGetTickCount) for xTaskGetTickCount
    usr_tasks.o(i.task_pwm) refers to pwm_model.o(i.PWMOUTSet) for PWMOUTSet
    usr_tasks.o(i.task_pwm) refers to tasks.o(i.vTaskDelayUntil) for vTaskDelayUntil
    usr_tasks.o(i.task_qei) refers to tasks.o(i.xTaskGetTickCount) for xTaskGetTickCount
    usr_tasks.o(i.task_qei) refers to uartstdio.o(i.UARTprintf) for UARTprintf
    usr_tasks.o(i.task_qei) refers to tasks.o(i.vTaskDelayUntil) for vTaskDelayUntil
    usr_tasks.o(i.task_qei) refers to qei_model.o(.data) for qei_data_array
    inverted pendulum.o(i.IntHandler_Timer0) refers to timer.o(i.TimerIntClear) for TimerIntClear
    inverted pendulum.o(i.IntHandler_Timer0) refers to inverted pendulum.o(i.MODE1) for MODE1
    inverted pendulum.o(i.IntHandler_Timer0) refers to inverted pendulum.o(i.MODE2) for MODE2
    inverted pendulum.o(i.IntHandler_Timer0) refers to inverted pendulum.o(.data) for .data
    inverted pendulum.o(i.IntHandler_Timer0) refers to qei_model.o(.data) for qei_data_array
    inverted pendulum.o(i.MODE1) refers to pwm_model.o(i.PWMOUTSet) for PWMOUTSet
[...]
    Removing qei.o(i.QEIFilterConfigure), (12 bytes).
    Removing qei.o(i.QEIFilterDisable), (10 bytes).
    Removing qei.o(i.QEIFilterEnable), (10 bytes).
    Removing qei.o(i.QEIIntDisable), (8 bytes).
    Removing qei.o(i.QEIIntUnregister), (22 bytes).
    Removing qei.o(i.QEIPositionSet), (4 bytes).
    Removing qei.o(i.QEIVelocityDisable), (10 bytes).
    Removing shamd5.o(i.SHAMD5ConfigSet), (4 bytes).
    Removing shamd5.o(i.SHAMD5DMADisable), (14 bytes).
    Removing shamd5.o(i.SHAMD5DMAEnable), (14 bytes).
    Removing shamd5.o(i.SHAMD5DataProcess), (42 bytes).
    Removing shamd5.o(i.SHAMD5DataWrite), (28 bytes).
    Removing shamd5.o(i.SHAMD5DataWriteNonBlocking), (34 bytes).
    Removing shamd5.o(i.SHAMD5HMACKeySet), (22 bytes).
    Removing shamd5.o(i.SHAMD5HMACPPKeyGenerate), (56 bytes).
    Removing shamd5.o(i.SHAMD5HMACPPKeySet), (26 bytes).
    Removing shamd5.o(i.SHAMD5HMACProcess), (42 bytes).
    Removing shamd5.o(i.SHAMD5HashLengthSet), (4 bytes).
    Removing shamd5.o(i.SHAMD5IntClear), (22 bytes).
    Removing shamd5.o(i.SHAMD5IntDisable), (60 bytes).
    Removing shamd5.o(i.SHAMD5IntEnable), (52 bytes).
    Removing shamd5.o(i.SHAMD5IntRegister), (18 bytes).
    Removing shamd5.o(i.SHAMD5IntStatus), (48 bytes).
    Removing shamd5.o(i.SHAMD5IntUnregister), (18 bytes).
    Removing shamd5.o(i.SHAMD5Reset), (34 bytes).
    Removing shamd5.o(i.SHAMD5ResultRead), (54 bytes).
    Removing shamd5.o(i._SHAMD5DataWriteMultiple), (68 bytes).
    Removing ssi.o(i.SSIAdvDataPutFrameEnd), (18 bytes).
    Removing ssi.o(i.SSIAdvDataPutFrameEndNonBlocking), (24 bytes).
    Removing ssi.o(i.SSIAdvFrameHoldDisable), (10 bytes).
    Removing ssi.o(i.SSIAdvFrameHoldEnable), (10 bytes).
    Removing ssi.o(i.SSIAdvModeSet), (12 bytes).
    Removing ssi.o(i.SSIBusy), (8 bytes).
    Removing ssi.o(i.SSIClockSourceGet), (6 bytes).
    Removing ssi.o(i.SSIClockSourceSet), (6 bytes).
    Removing ssi.o(i.SSIConfigSetExpClk), (54 bytes).
    Removing ssi.o(i.SSIDMADisable), (8 bytes).
    Removing ssi.o(i.SSIDMAEnable), (8 bytes).
    Removing ssi.o(i.SSIDataGet), (12 bytes).
    Removing ssi.o(i.SSIDataGetNonBlocking), (18 bytes).
    Removing ssi.o(i.SSIDataPut), (10 bytes).
    Removing ssi.o(i.SSIDataPutNonBlocking), (16 bytes).
    Removing ssi.o(i.SSIDisable), (10 bytes).
    Removing ssi.o(i.SSIEnable), (10 bytes).
    Removing ssi.o(i.SSIIntClear), (4 bytes).
    Removing ssi.o(i.SSIIntDisable), (8 bytes).
    Removing ssi.o(i.SSIIntEnable), (8 bytes).
    Removing ssi.o(i.SSIIntRegister), (26 bytes).
    Removing ssi.o(i.SSIIntStatus), (10 bytes).
    Removing ssi.o(i.SSIIntUnregister), (22 bytes).
    Removing ssi.o(i._SSIIntNumberGet), (68 bytes).
    Removing ssi.o(.constdata), (64 bytes).
    Removing sw_crc.o(i.Crc16), (196 bytes).
    Removing sw_crc.o(i.Crc16Array), (8 bytes).
    Removing sw_crc.o(i.Crc16Array3), (156 bytes).
    Removing sw_crc.o(i.Crc32), (196 bytes).
    Removing sw_crc.o(i.Crc8CCITT), (140 bytes).
    Removing sw_crc.o(.constdata), (1792 bytes).
    Removing sysctl.o(i.SysCtlAltClkConfig), (12 bytes).
    Removing sysctl.o(i.SysCtlClockFreqSet), (588 bytes).
    Removing sysctl.o(i.SysCtlClockOutConfig), (20 bytes).
    Removing sysctl.o(i.SysCtlClockSet), (236 bytes).
    Removing sysctl.o(i.SysCtlDeepSleep), (32 bytes).
    Removing sysctl.o(i.SysCtlDeepSleepClockConfigSet), (108 bytes).
    Removing sysctl.o(i.SysCtlDeepSleepClockSet), (12 bytes).
    Removing sysctl.o(i.SysCtlDeepSleepPowerSet), (12 bytes).
    Removing sysctl.o(i.SysCtlFlashSectorSizeGet), (52 bytes).
    Removing sysctl.o(i.SysCtlFlashSizeGet), (52 bytes).
    Removing sysctl.o(i.SysCtlGPIOAHBDisable), (24 bytes).
    Removing sysctl.o(i.SysCtlGPIOAHBEnable), (24 bytes).
    Removing sysctl.o(i.SysCtlIntClear), (12 bytes).
    Removing sysctl.o(i.SysCtlIntDisable), (16 bytes).
    Removing sysctl.o(i.SysCtlIntEnable), (16 bytes).
    Removing sysctl.o(i.SysCtlIntRegister), (20 bytes).
    Removing sysctl.o(i.SysCtlIntStatus), (16 bytes).
    Removing sysctl.o(i.SysCtlIntUnregister), (18 bytes).
    Removing sysctl.o(i.SysCtlLDODeepSleepGet), (12 bytes).
    Removing sysctl.o(i.SysCtlLDODeepSleepSet), (12 bytes).
    Removing sysctl.o(i.SysCtlLDOSleepGet), (12 bytes).
    Removing sysctl.o(i.SysCtlLDOSleepSet), (12 bytes).
    Removing sysctl.o(i.SysCtlMOSCConfigSet), (12 bytes).
    Removing sysctl.o(i.SysCtlNMIClear), (16 bytes).
    Removing sysctl.o(i.SysCtlNMIStatus), (12 bytes).
    Removing sysctl.o(i.SysCtlPIOSCCalibrate), (72 bytes).
    Removing sysctl.o(i.SysCtlPWMClockGet), (24 bytes).
    Removing sysctl.o(i.SysCtlPeripheralClockGating), (68 bytes).
    Removing sysctl.o(i.SysCtlPeripheralDeepSleepDisable), (40 bytes).
    Removing sysctl.o(i.SysCtlPeripheralDeepSleepEnable), (40 bytes).
    Removing sysctl.o(i.SysCtlPeripheralDisable), (40 bytes).
    Removing sysctl.o(i.SysCtlPeripheralPowerOff), (40 bytes).
    Removing sysctl.o(i.SysCtlPeripheralPowerOn), (40 bytes).
    Removing sysctl.o(i.SysCtlPeripheralPresent), (44 bytes).
    Removing sysctl.o(i.SysCtlPeripheralReset), (60 bytes).
    Removing sysctl.o(i.SysCtlPeripheralSleepDisable), (40 bytes).
    Removing sysctl.o(i.SysCtlPeripheralSleepEnable), (40 bytes).
    Removing sysctl.o(i.SysCtlReset), (16 bytes).
    Removing sysctl.o(i.SysCtlResetBehaviorGet), (12 bytes).
    Removing sysctl.o(i.SysCtlResetBehaviorSet), (12 bytes).
    Removing sysctl.o(i.SysCtlResetCauseClear), (16 bytes).
    Removing sysctl.o(i.SysCtlResetCauseGet), (12 bytes).
    Removing sysctl.o(i.SysCtlSRAMSizeGet), (16 bytes).
    Removing sysctl.o(i.SysCtlSleep), (4 bytes).
    Removing sysctl.o(i.SysCtlSleepPowerSet), (12 bytes).
    Removing sysctl.o(i.SysCtlUSBPLLDisable), (16 bytes).
    Removing sysctl.o(i.SysCtlUSBPLLEnable), (16 bytes).
    Removing sysctl.o(i.SysCtlVCOGet), (108 bytes).
    Removing sysctl.o(i.SysCtlVoltageEventClear), (16 bytes).
    Removing sysctl.o(i.SysCtlVoltageEventConfig), (12 bytes).
    Removing sysctl.o(i.SysCtlVoltageEventStatus), (12 bytes).
    Removing sysctl.o(i._SysCtlMemTimingGet), (36 bytes).
    Removing sysexc.o(i.SysExcIntClear), (12 bytes).
    Removing sysexc.o(i.SysExcIntDisable), (16 bytes).
    Removing sysexc.o(i.SysExcIntEnable), (16 bytes).
    Removing sysexc.o(i.SysExcIntRegister), (26 bytes).
    Removing sysexc.o(i.SysExcIntStatus), (16 bytes).
    Removing sysexc.o(i.SysExcIntUnregister), (22 bytes).
    Removing sysexc.o(i._SysExcIntNumberGet), (52 bytes).
    Removing systick.o(i.SysTickDisable), (14 bytes).
    Removing systick.o(i.SysTickEnable), (14 bytes).
    Removing systick.o(i.SysTickIntDisable), (14 bytes).
    Removing systick.o(i.SysTickIntEnable), (14 bytes).
    Removing systick.o(i.SysTickIntRegister), (24 bytes).
    Removing systick.o(i.SysTickIntUnregister), (18 bytes).
    Removing systick.o(i.SysTickPeriodGet), (10 bytes).
    Removing systick.o(i.SysTickPeriodSet), (10 bytes).
    Removing systick.o(i.SysTickValueGet), (8 bytes).
    Removing timer.o(i.TimerADCEventGet), (4 bytes).
    Removing timer.o(i.TimerADCEventSet), (4 bytes).
    Removing timer.o(i.TimerClockSourceGet), (6 bytes).
    Removing timer.o(i.TimerClockSourceSet), (6 bytes).
    Removing timer.o(i.TimerConfigure), (92 bytes).
    Removing timer.o(i.TimerControlEvent), (18 bytes).
    Removing timer.o(i.TimerControlLevel), (22 bytes).
    Removing timer.o(i.TimerControlStall), (22 bytes).
    Removing timer.o(i.TimerControlTrigger), (68 bytes).
    Removing timer.o(i.TimerControlWaitOnTrigger), (46 bytes).
    Removing timer.o(i.TimerDMAEventGet), (4 bytes).
    Removing timer.o(i.TimerDMAEventSet), (4 bytes).
    Removing timer.o(i.TimerDisable), (14 bytes).
    Removing timer.o(i.TimerEnable), (14 bytes).
    Removing timer.o(i.TimerIntClear), (4 bytes).
    Removing timer.o(i.TimerIntDisable), (8 bytes).
    Removing timer.o(i.TimerIntEnable), (8 bytes).
    Removing timer.o(i.TimerIntRegister), (26 bytes).
    Removing timer.o(i.TimerIntStatus), (10 bytes).
    Removing timer.o(i.TimerIntUnregister), (22 bytes).
    Removing timer.o(i.TimerLoadGet), (12 bytes).
    Removing timer.o(i.TimerLoadGet64), (14 bytes).
    Removing timer.o(i.TimerLoadSet), (18 bytes).
    Removing timer.o(i.TimerLoadSet64), (6 bytes).
    Removing timer.o(i.TimerMatchGet), (12 bytes).
    Removing timer.o(i.TimerMatchGet64), (14 bytes).
    Removing timer.o(i.TimerMatchSet), (18 bytes).
    Removing timer.o(i.TimerMatchSet64), (6 bytes).
    Removing timer.o(i.TimerPrescaleGet), (12 bytes).
    Removing timer.o(i.TimerPrescaleMatchGet), (12 bytes).
    Removing timer.o(i.TimerPrescaleMatchSet), (18 bytes).
    Removing timer.o(i.TimerPrescaleSet), (18 bytes).
    Removing timer.o(i.TimerRTCDisable), (10 bytes).
    Removing timer.o(i.TimerRTCEnable), (10 bytes).
    Removing timer.o(i.TimerSynchronize), (4 bytes).
    Removing timer.o(i.TimerUpdateMode), (38 bytes).
    Removing timer.o(i.TimerValueGet), (12 bytes).
    Removing timer.o(i.TimerValueGet64), (14 bytes).
    Removing timer.o(i._TimerIntNumberGet), (80 bytes).
    Removing timer.o(.constdata), (160 bytes).
    Removing uart.o(i.UART9BitAddrSend), (38 bytes).
    Removing uart.o(i.UART9BitAddrSet), (8 bytes).
    Removing uart.o(i.UART9BitDisable), (12 bytes).
    Removing uart.o(i.UART9BitEnable), (12 bytes).
    Removing uart.o(i.UARTBreakCtl), (20 bytes).
    Removing uart.o(i.UARTBusy), (8 bytes).
    Removing uart.o(i.UARTCharGet), (10 bytes).
    Removing uart.o(i.UARTCharGetNonBlocking), (16 bytes).
    Removing uart.o(i.UARTCharPut), (10 bytes).
    Removing uart.o(i.UARTCharPutNonBlocking), (16 bytes).
    Removing uart.o(i.UARTCharsAvail), (10 bytes).
    Removing uart.o(i.UARTClockSourceGet), (6 bytes).
    Removing uart.o(i.UARTConfigGetExpClk), (38 bytes).
    Removing uart.o(i.UARTConfigSetExpClk), (72 bytes).
    Removing uart.o(i.UARTDMADisable), (8 bytes).
    Removing uart.o(i.UARTDMAEnable), (8 bytes).
    Removing uart.o(i.UARTDisable), (26 bytes).
    Removing uart.o(i.UARTDisableSIR), (10 bytes).
    Removing uart.o(i.UARTEnable), (20 bytes).
    Removing uart.o(i.UARTEnableSIR), (20 bytes).
    Removing uart.o(i.UARTFIFODisable), (10 bytes).
    Removing uart.o(i.UARTFIFOEnable), (10 bytes).
    Removing uart.o(i.UARTFIFOLevelGet), (16 bytes).
    Removing uart.o(i.UARTFIFOLevelSet), (6 bytes).
    Removing uart.o(i.UARTFlowControlGet), (8 bytes).
    Removing uart.o(i.UARTFlowControlSet), (12 bytes).
    Removing uart.o(i.UARTIntClear), (4 bytes).
    Removing uart.o(i.UARTIntDisable), (8 bytes).
    Removing uart.o(i.UARTIntEnable), (8 bytes).
    Removing uart.o(i.UARTIntRegister), (26 bytes).
    Removing uart.o(i.UARTIntStatus), (10 bytes).
    Removing uart.o(i.UARTIntUnregister), (22 bytes).
    Removing uart.o(i.UARTLoopbackEnable), (10 bytes).
    Removing uart.o(i.UARTModemControlClear), (12 bytes).
    Removing uart.o(i.UARTModemControlGet), (8 bytes).
    Removing uart.o(i.UARTModemControlSet), (12 bytes).
    Removing uart.o(i.UARTModemStatusGet), (10 bytes).
    Removing uart.o(i.UARTParityModeGet), (8 bytes).
    Removing uart.o(i.UARTParityModeSet), (12 bytes).
    Removing uart.o(i.UARTRxErrorClear), (6 bytes).
    Removing uart.o(i.UARTRxErrorGet), (8 bytes).
    Removing uart.o(i.UARTSmartCardDisable), (10 bytes).
    Removing uart.o(i.UARTSmartCardEnable), (22 bytes).
    Removing uart.o(i.UARTSpaceAvail), (10 bytes).
    Removing uart.o(i.UARTTxIntModeGet), (8 bytes).
    Removing uart.o(i.UARTTxIntModeSet), (12 bytes).
    Removing uart.o(i._UARTIntNumberGet), (68 bytes).
    Removing uart.o(.constdata), (128 bytes).
    Removing udma.o(i.uDMAChannelAssign), (40 bytes).
    Removing udma.o(i.uDMAChannelAttributeDisable), (56 bytes).
    Removing udma.o(i.uDMAChannelAttributeEnable), (56 bytes).
    Removing udma.o(i.uDMAChannelAttributeGet), (60 bytes).
    Removing udma.o(i.uDMAChannelControlSet), (32 bytes).
    Removing udma.o(i.uDMAChannelDisable), (20 bytes).
    Removing udma.o(i.uDMAChannelEnable), (20 bytes).
    Removing udma.o(i.uDMAChannelIsEnabled), (28 bytes).
    Removing udma.o(i.uDMAChannelModeGet), (44 bytes).
    Removing udma.o(i.uDMAChannelRequest), (20 bytes).
    Removing udma.o(i.uDMAChannelScatterGatherSet), (72 bytes).
    Removing udma.o(i.uDMAChannelSelectDefault), (16 bytes).
    Removing udma.o(i.uDMAChannelSelectSecondary), (16 bytes).
    Removing udma.o(i.uDMAChannelSizeGet), (32 bytes).
    Removing udma.o(i.uDMAChannelTransferSet), (132 bytes).
    Removing udma.o(i.uDMAControlAlternateBaseGet), (12 bytes).
    Removing udma.o(i.uDMAControlBaseGet), (12 bytes).
    Removing udma.o(i.uDMAControlBaseSet), (12 bytes).
    Removing udma.o(i.uDMADisable), (12 bytes).
    Removing udma.o(i.uDMAEnable), (12 bytes).
    Removing udma.o(i.uDMAErrorStatusClear), (12 bytes).
    Removing udma.o(i.uDMAErrorStatusGet), (12 bytes).
    Removing udma.o(i.uDMAIntClear), (12 bytes).
    Removing udma.o(i.uDMAIntRegister), (18 bytes).
    Removing udma.o(i.uDMAIntStatus), (12 bytes).
    Removing udma.o(i.uDMAIntUnregister), (18 bytes).
    Removing usb.o(i.USBClockDisable), (8 bytes).
    Removing usb.o(i.USBClockEnable), (10 bytes).
    Removing usb.o(i.USBControllerVersion), (10 bytes).
    Removing usb.o(i.USBDMAChannelAddressGet), (10 bytes).
    Removing usb.o(i.USBDMAChannelAddressSet), (10 bytes).
    Removing usb.o(i.USBDMAChannelConfigSet), (20 bytes).
    Removing usb.o(i.USBDMAChannelCountGet), (10 bytes).
    Removing usb.o(i.USBDMAChannelCountSet), (10 bytes).
    Removing usb.o(i.USBDMAChannelDisable), (18 bytes).
    Removing usb.o(i.USBDMAChannelEnable), (18 bytes).
    Removing usb.o(i.USBDMAChannelIntDisable), (18 bytes).
    Removing usb.o(i.USBDMAChannelIntEnable), (18 bytes).
    Removing usb.o(i.USBDMAChannelIntStatus), (6 bytes).
    Removing usb.o(i.USBDMAChannelStatus), (14 bytes).
    Removing usb.o(i.USBDMAChannelStatusClear), (20 bytes).
    Removing usb.o(i.USBDMANumChannels), (8 bytes).
    Removing usb.o(i.USBDevAddrGet), (4 bytes).
    Removing usb.o(i.USBDevAddrSet), (4 bytes).
    Removing usb.o(i.USBDevConnect), (10 bytes).
    Removing usb.o(i.USBDevDisconnect), (10 bytes).
    Removing usb.o(i.USBDevEndpointConfigGet), (112 bytes).
    Removing usb.o(i.USBDevEndpointConfigSet), (122 bytes).
    Removing usb.o(i.USBDevEndpointDataAck), (36 bytes).
    Removing usb.o(i.USBDevEndpointStall), (48 bytes).
    Removing usb.o(i.USBDevEndpointStallClear), (72 bytes).
    Removing usb.o(i.USBDevEndpointStatusClear), (86 bytes).
    Removing usb.o(i.USBDevLPMConfig), (6 bytes).
    Removing usb.o(i.USBDevLPMDisable), (14 bytes).
    Removing usb.o(i.USBDevLPMEnable), (14 bytes).
    Removing usb.o(i.USBDevLPMRemoteWake), (14 bytes).
    Removing usb.o(i.USBDevMode), (8 bytes).
    Removing usb.o(i.USBDevSpeedGet), (14 bytes).
    Removing usb.o(i.USBEndpointDMAChannel), (26 bytes).
    Removing usb.o(i.USBEndpointDMAConfigSet), (74 bytes).
    Removing usb.o(i.USBEndpointDMADisable), (34 bytes).
    Removing usb.o(i.USBEndpointDMAEnable), (34 bytes).
    Removing usb.o(i.USBEndpointDataAvail), (30 bytes).
    Removing usb.o(i.USBEndpointDataGet), (66 bytes).
    Removing usb.o(i.USBEndpointDataPut), (48 bytes).
    Removing usb.o(i.USBEndpointDataSend), (46 bytes).
    Removing usb.o(i.USBEndpointDataToggleClear), (34 bytes).
    Removing usb.o(i.USBEndpointPacketCountSet), (12 bytes).
    Removing usb.o(i.USBEndpointStatus), (16 bytes).
    Removing usb.o(i.USBFIFOAddrGet), (8 bytes).
    Removing usb.o(i.USBFIFOConfigGet), (76 bytes).
    Removing usb.o(i.USBFIFOConfigSet), (74 bytes).
    Removing usb.o(i.USBFIFOFlush), (68 bytes).
    Removing usb.o(i.USBFrameNumberGet), (4 bytes).
    Removing usb.o(i.USBHighSpeed), (20 bytes).
    Removing usb.o(i.USBHostAddrGet), (20 bytes).
    Removing usb.o(i.USBHostAddrSet), (22 bytes).
    Removing usb.o(i.USBHostEndpointConfig), (202 bytes).
    Removing usb.o(i.USBHostEndpointDataAck), (32 bytes).
    Removing usb.o(i.USBHostEndpointDataToggle), (88 bytes).
    Removing usb.o(i.USBHostEndpointPing), (28 bytes).
    Removing usb.o(i.USBHostEndpointSpeed), (76 bytes).
    Removing usb.o(i.USBHostEndpointStatusClear), (40 bytes).
    Removing usb.o(i.USBHostHubAddrGet), (20 bytes).
    Removing usb.o(i.USBHostHubAddrSet), (50 bytes).
    Removing usb.o(i.USBHostLPMConfig), (18 bytes).
    Removing usb.o(i.USBHostLPMResume), (14 bytes).
    Removing usb.o(i.USBHostLPMSend), (36 bytes).
    Removing usb.o(i.USBHostMode), (8 bytes).
    Removing usb.o(i.USBHostPwrConfig), (24 bytes).
    Removing usb.o(i.USBHostPwrDisable), (14 bytes).
    Removing usb.o(i.USBHostPwrEnable), (14 bytes).
    Removing usb.o(i.USBHostPwrFaultDisable), (14 bytes).
    Removing usb.o(i.USBHostPwrFaultEnable), (14 bytes).
    Removing usb.o(i.USBHostRequestIN), (18 bytes).
    Removing usb.o(i.USBHostRequestINClear), (22 bytes).
    Removing usb.o(i.USBHostRequestStatus), (8 bytes).
    Removing usb.o(i.USBHostReset), (20 bytes).
    Removing usb.o(i.USBHostResume), (20 bytes).
    Removing usb.o(i.USBHostSpeedGet), (40 bytes).
    Removing usb.o(i.USBHostSuspend), (10 bytes).
    Removing usb.o(i.USBIntDisableControl), (40 bytes).
    Removing usb.o(i.USBIntDisableEndpoint), (22 bytes).
    Removing usb.o(i.USBIntEnableControl), (40 bytes).
    Removing usb.o(i.USBIntEnableEndpoint), (22 bytes).
    Removing usb.o(i.USBIntRegister), (26 bytes).
    Removing usb.o(i.USBIntStatusControl), (56 bytes).
    Removing usb.o(i.USBIntStatusEndpoint), (10 bytes).
    Removing usb.o(i.USBIntUnregister), (22 bytes).
    Removing usb.o(i.USBLPMEndpointGet), (10 bytes).
    Removing usb.o(i.USBLPMIntDisable), (12 bytes).
    Removing usb.o(i.USBLPMIntEnable), (12 bytes).
    Removing usb.o(i.USBLPMIntStatus), (6 bytes).
    Removing usb.o(i.USBLPMLinkStateGet), (10 bytes).
    Removing usb.o(i.USBLPMRemoteWakeEnabled), (16 bytes).
    Removing usb.o(i.USBModeConfig), (6 bytes).
    Removing usb.o(i.USBModeGet), (10 bytes).
    Removing usb.o(i.USBNumEndpointsGet), (10 bytes).
    Removing usb.o(i.USBOTGMode), (8 bytes).
    Removing usb.o(i.USBOTGSessionRequest), (22 bytes).
    Removing usb.o(i.USBPHYPowerOff), (10 bytes).
    Removing usb.o(i.USBPHYPowerOn), (10 bytes).
    Removing usb.o(i.USBULPIConfig), (6 bytes).
    Removing usb.o(i.USBULPIDisable), (14 bytes).
    Removing usb.o(i.USBULPIEnable), (14 bytes).
    Removing usb.o(i.USBULPIRegRead), (30 bytes).
    Removing usb.o(i.USBULPIRegWrite), (30 bytes).
    Removing usb.o(i._USBIndexRead), (22 bytes).
    Removing usb.o(i._USBIndexWrite), (22 bytes).
    Removing usb.o(i._USBIntNumberGet), (52 bytes).
    Removing watchdog.o(i.WatchdogEnable), (10 bytes).
    Removing watchdog.o(i.WatchdogIntClear), (6 bytes).
    Removing watchdog.o(i.WatchdogIntEnable), (10 bytes).
    Removing watchdog.o(i.WatchdogIntRegister), (18 bytes).
    Removing watchdog.o(i.WatchdogIntStatus), (10 bytes).
    Removing watchdog.o(i.WatchdogIntTypeSet), (12 bytes).
    Removing watchdog.o(i.WatchdogIntUnregister), (18 bytes).
    Removing watchdog.o(i.WatchdogLock), (8 bytes).
    Removing watchdog.o(i.WatchdogLockState), (12 bytes).
    Removing watchdog.o(i.WatchdogReloadGet), (4 bytes).
    Removing watchdog.o(i.WatchdogReloadSet), (4 bytes).
    Removing watchdog.o(i.WatchdogResetDisable), (10 bytes).
    Removing watchdog.o(i.WatchdogResetEnable), (10 bytes).
    Removing watchdog.o(i.WatchdogRunning), (8 bytes).
    Removing watchdog.o(i.WatchdogStallDisable), (14 bytes).
    Removing watchdog.o(i.WatchdogStallEnable), (14 bytes).
    Removing watchdog.o(i.WatchdogUnlock), (12 bytes).
    Removing watchdog.o(i.WatchdogValueGet), (4 bytes).
    Removing event_groups.o(i.prvTestWaitCondition), (20 bytes).
    Removing event_groups.o(i.uxEventGroupGetNumber), (8 bytes).
    Removing event_groups.o(i.vEventGroupClearBitsCallback), (4 bytes).
    Removing event_groups.o(i.vEventGroupDelete), (44 bytes).
    Removing event_groups.o(i.vEventGroupSetBitsCallback), (4 bytes).
    Removing event_groups.o(i.xEventGroupClearBits), (26 bytes).
    Removing event_groups.o(i.xEventGroupCreate), (26 bytes).
    Removing event_groups.o(i.xEventGroupGetBitsFromISR), (26 bytes).
    Removing event_groups.o(i.xEventGroupSetBits), (100 bytes).
    Removing event_groups.o(i.xEventGroupSync), (136 bytes).
    Removing event_groups.o(i.xEventGroupWaitBits), (188 bytes).
    Removing queue.o(i.prvCopyDataFromQueue), (38 bytes).
    Removing queue.o(i.prvCopyDataToQueue), (110 bytes).
    Removing queue.o(i.prvUnlockQueue), (100 bytes).
    Removing queue.o(i.ucQueueGetQueueType), (6 bytes).
    Removing queue.o(i.uxQueueGetQueueNumber), (4 bytes).
    Removing queue.o(i.uxQueueMessagesWaiting), (18 bytes).
    Removing queue.o(i.uxQueueMessagesWaitingFromISR), (4 bytes).
    Removing queue.o(i.uxQueueSpacesAvailable), (22 bytes).
    Removing queue.o(i.vQueueAddToRegistry), (36 bytes).
    Removing queue.o(i.vQueueDelete), (18 bytes).
    Removing queue.o(i.vQueueSetQueueNumber), (4 bytes).
    Removing queue.o(i.vQueueUnregisterQueue), (36 bytes).
    Removing queue.o(i.xQueueCreateMutex), (74 bytes).
    Removing queue.o(i.xQueueGenericCreate), (72 bytes).
    Removing queue.o(i.xQueueGenericReceive), (300 bytes).
    Removing queue.o(i.xQueueGenericReset), (112 bytes).
    Removing queue.o(i.xQueueGenericSend), (256 bytes).
    Removing queue.o(i.xQueueGenericSendFromISR), (96 bytes).
    Removing queue.o(i.xQueueGiveFromISR), (86 bytes).
    Removing queue.o(i.xQueueGiveMutexRecursive), (42 bytes).
    Removing queue.o(i.xQueueIsQueueEmptyFromISR), (12 bytes).
    Removing queue.o(i.xQueueIsQueueFullFromISR), (16 bytes).
    Removing queue.o(i.xQueuePeekFromISR), (44 bytes).
    Removing queue.o(i.xQueueReceiveFromISR), (88 bytes).
    Removing queue.o(i.xQueueTakeMutexRecursive), (50 bytes).
    Removing queue.o(.bss), (80 bytes).
    Removing tasks.o(i.prvListTaskWithinSingleList), (126 bytes).
    Removing tasks.o(i.prvTaskCheckFreeStackSpace), (20 bytes).
    Removing tasks.o(i.prvTaskIsTaskSuspended), (32 bytes).
    Removing tasks.o(i.pvTaskIncrementMutexHeldCount), (24 bytes).
    Removing tasks.o(i.ulTaskNotifyTake), (156 bytes).
    Removing tasks.o(i.uxTaskGetNumberOfTasks), (12 bytes).
    Removing tasks.o(i.uxTaskGetStackHighWaterMark), (16 bytes).
    Removing tasks.o(i.uxTaskGetSystemState), (152 bytes).
    Removing tasks.o(i.uxTaskGetTaskNumber), (8 bytes).
    Removing tasks.o(i.uxTaskPriorityGet), (28 bytes).
    Removing tasks.o(i.uxTaskPriorityGetFromISR), (36 bytes).
    Removing tasks.o(i.uxTaskResetEventItemValue), (24 bytes).
    Removing tasks.o(i.vTaskDelay), (84 bytes).
    Removing tasks.o(i.vTaskEndScheduler), (28 bytes).
    Removing tasks.o(i.vTaskMissedYield), (12 bytes).
    Removing tasks.o(i.vTaskNotifyGiveFromISR), (132 bytes).
    Removing tasks.o(i.vTaskPlaceOnEventList), (80 bytes).
    Removing tasks.o(i.vTaskPlaceOnUnorderedEventList), (88 bytes).
    Removing tasks.o(i.vTaskPriorityInherit), (132 bytes).
    Removing tasks.o(i.vTaskPrioritySet), (180 bytes).
    Removing tasks.o(i.vTaskResume), (112 bytes).
    Removing tasks.o(i.vTaskSetTaskNumber), (8 bytes).
    Removing tasks.o(i.vTaskSetTimeOutState), (16 bytes).
    Removing tasks.o(i.vTaskSuspend), (160 bytes).
    Removing tasks.o(i.xTaskCheckForTimeOut), (72 bytes).
    Removing tasks.o(i.xTaskGenericNotify), (164 bytes).
    Removing tasks.o(i.xTaskGenericNotifyFromISR), (184 bytes).
    Removing tasks.o(i.xTaskGetCurrentTaskHandle), (12 bytes).
    Removing tasks.o(i.xTaskGetTickCountFromISR), (12 bytes).
    Removing tasks.o(i.xTaskNotifyStateClear), (48 bytes).
    Removing tasks.o(i.xTaskNotifyWait), (184 bytes).
    Removing tasks.o(i.xTaskPriorityDisinherit), (112 bytes).
    Removing tasks.o(i.xTaskRemoveFromEventList), (100 bytes).
    Removing tasks.o(i.xTaskRemoveFromUnorderedEventList), (80 bytes).
    Removing tasks.o(i.xTaskResumeFromISR), (120 bytes).
    Removing heap_2.o(i.vPortInitialiseBlocks), (2 bytes).
    Removing heap_2.o(i.xPortGetFreeHeapSize), (12 bytes).
    Removing port.o(i.vPortEndScheduler), (2 bytes).
    Removing epi.o(i.EPIWorkaroundWordWrite), (6 bytes).
    Removing epi.o(i.EPIWorkaroundWordRead), (6 bytes).
    Removing epi.o(i.EPIWorkaroundHWordWrite), (6 bytes).
    Removing epi.o(i.EPIWorkaroundHWordRead), (6 bytes).
    Removing epi.o(i.EPIWorkaroundByteWrite), (6 bytes).
    Removing epi.o(i.EPIWorkaroundByteRead), (6 bytes).

995 unused section(s) (total 33168 bytes) removed from the image.

==============================================================================

Image Symbol Table

    Local Symbols

    Symbol Name                              Value     Ov Type        Size  Object(Section)

    RESET                                    0x00000000   Section      648  startup_rvmdk.o(RESET)
    ../clib/../cmprslib/zerorunl2.c          0x00000000   Number         0  __dczerorl2.o ABSOLUTE
    ../clib/microlib/init/entry.s            0x00000000   Number         0  entry11a.o ABSOLUTE
    ../clib/microlib/init/entry.s            0x00000000   Number         0  entry11b.o ABSOLUTE
    ../clib/microlib/init/entry.s            0x00000000   Number         0  entry.o ABSOLUTE
    ../clib/microlib/init/entry.s            0x00000000   Number         0  entry7a.o ABSOLUTE
    ../clib/microlib/init/entry.s            0x00000000   Number         0  entry5.o ABSOLUTE
    ../clib/microlib/init/entry.s            0x00000000   Number         0  entry7b.o ABSOLUTE
    ../clib/microlib/init/entry.s            0x00000000   Number         0  entry8a.o ABSOLUTE
    ../clib/microlib/init/entry.s            0x00000000   Number         0  entry8b.o ABSOLUTE
    ../clib/microlib/init/entry.s            0x00000000   Number         0  entry9a.o ABSOLUTE
    ../clib/microlib/init/entry.s            0x00000000   Number         0  entry2.o ABSOLUTE
    ../clib/microlib/init/entry.s            0x00000000   Number         0  entry9b.o ABSOLUTE
    ../clib/microlib/init/entry.s            0x00000000   Number         0  entry10a.o ABSOLUTE
    ../clib/microlib/init/entry.s            0x00000000   Number         0  entry10b.o ABSOLUTE
    ../clib/microlib/longlong.c              0x00000000   Number         0  llshl.o ABSOLUTE
    ../clib/microlib/longlong.c              0x00000000   Number         0  llsshr.o ABSOLUTE
    ../clib/microlib/longlong.c              0x00000000   Number         0  llushr.o ABSOLUTE
    ../clib/microlib/string/memcpy.c         0x00000000   Number         0  memcpya.o ABSOLUTE
    ../clib/microlib/string/memcpy.c         0x00000000   Number         0  memcpyb.o ABSOLUTE
    ../clib/microlib/string/memset.c         0x00000000   Number         0  memseta.o ABSOLUTE
    ../clib/microlib/stubs.s                 0x00000000   Number         0  iusefp.o ABSOLUTE
    ../fplib/microlib/d2f.c                  0x00000000   Number         0  d2f.o ABSOLUTE
    ../fplib/microlib/f2d.c                  0x00000000   Number         0  f2d.o ABSOLUTE
    ../fplib/microlib/fpadd.c                0x00000000   Number         0  dadd.o ABSOLUTE
    ../fplib/microlib/fpepilogue.c           0x00000000   Number         0  depilogue.o ABSOLUTE
    ../fplib/microlib/fpepilogue.c           0x00000000   Number         0  fepilogue.o ABSOLUTE
    ../fplib/microlib/fpfix.c                0x00000000   Number         0  dfixi.o ABSOLUTE
    ../fplib/microlib/fpmul.c                0x00000000   Number         0  dmul.o ABSOLUTE
    CONTROL\PID.c                            0x00000000   Number         0  pid.o ABSOLUTE
    FreeRTOS\\portable\\RVDS\\ARM_CM4F\\port.c 0x00000000   Number         0  port.o ABSOLUTE
    FreeRTOS\croutine.c                      0x00000000   Number         0  croutine.o ABSOLUTE
    FreeRTOS\event_groups.c                  0x00000000   Number         0  event_groups.o ABSOLUTE
    FreeRTOS\list.c                          0x00000000   Number         0  list.o ABSOLUTE
    FreeRTOS\my_include.c                    0x00000000   Number         0  my_include.o ABSOLUTE
    FreeRTOS\portable\MemMang\heap_2.c       0x00000000   Number         0  heap_2.o ABSOLUTE
    FreeRTOS\portable\RVDS\ARM_CM4F\port.c   0x00000000   Number         0  port.o ABSOLUTE
    FreeRTOS\queue.c                         0x00000000   Number         0  queue.o ABSOLUTE
    FreeRTOS\tasks.c                         0x00000000   Number         0  tasks.o ABSOLUTE
    FreeRTOS\timers.c                        0x00000000   Number         0  timers.o ABSOLUTE
    HARDWARE\ADC.c                           0x00000000   Number         0  adc.o ABSOLUTE
    HARDWARE\GPIO_Init.c                     0x00000000   Number         0  gpio_init.o ABSOLUTE
    HARDWARE\PWM_Model.c                     0x00000000   Number         0  pwm_model.o ABSOLUTE
    HARDWARE\QEI_Model.c                     0x00000000   Number         0  qei_model.o ABSOLUTE
    HARDWARE\Timer_Init.c                    0x00000000   Number         0  timer_init.o ABSOLUTE
    HARDWARE\UART_Init.c                     0x00000000   Number         0  uart_init.o ABSOLUTE
    HARDWARE\delay.c                         0x00000000   Number         0  delay.o ABSOLUTE
    HARDWARE\drv_led.c                       0x00000000   Number         0  drv_led.o ABSOLUTE
    HARDWARE\key.c                           0x00000000   Number         0  key.o ABSOLUTE
    LIBRARY\\driverlib\\cpu.c                0x00000000   Number         0  cpu.o ABSOLUTE
    LIBRARY\\driverlib\\sysctl.c             0x00000000   Number         0  sysctl.o ABSOLUTE
    LIBRARY\driverlib\adc.c                  0x00000000   Number         0  adc_1.o ABSOLUTE
    LIBRARY\driverlib\aes.c                  0x00000000   Number         0  aes.o ABSOLUTE
    LIBRARY\driverlib\can.c                  0x00000000   Number         0  can.o ABSOLUTE
    LIBRARY\driverlib\comp.c                 0x00000000   Number         0  comp.o ABSOLUTE
    LIBRARY\driverlib\cpu.c                  0x00000000   Number         0  cpu.o ABSOLUTE
    LIBRARY\driverlib\crc.c                  0x00000000   Number         0  crc.o ABSOLUTE
    LIBRARY\driverlib\des.c                  0x00000000   Number         0  des.o ABSOLUTE
    LIBRARY\driverlib\eeprom.c               0x00000000   Number         0  eeprom.o ABSOLUTE
    LIBRARY\driverlib\emac.c                 0x00000000   Number         0  emac.o ABSOLUTE
    LIBRARY\driverlib\epi.c                  0x00000000   Number         0  epi.o ABSOLUTE
    LIBRARY\driverlib\flash.c                0x00000000   Number         0  flash.o ABSOLUTE
    LIBRARY\driverlib\fpu.c                  0x00000000   Number         0  fpu.o ABSOLUTE
    LIBRARY\driverlib\gpio.c                 0x00000000   Number         0  gpio.o ABSOLUTE
    LIBRARY\driverlib\hibernate.c            0x00000000   Number         0  hibernate.o ABSOLUTE
    LIBRARY\driverlib\i2c.c                  0x00000000   Number         0  i2c.o ABSOLUTE
    LIBRARY\driverlib\interrupt.c            0x00000000   Number         0  interrupt.o ABSOLUTE
    LIBRARY\driverlib\lcd.c                  0x00000000   Number         0  lcd.o ABSOLUTE
    LIBRARY\driverlib\mpu.c                  0x00000000   Number         0  mpu.o ABSOLUTE
    LIBRARY\driverlib\onewire.c              0x00000000   Number         0  onewire.o ABSOLUTE
    LIBRARY\driverlib\pwm.c                  0x00000000   Number         0  pwm.o ABSOLUTE
    LIBRARY\driverlib\qei.c                  0x00000000   Number         0  qei.o ABSOLUTE
    LIBRARY\driverlib\shamd5.c               0x00000000   Number         0  shamd5.o ABSOLUTE
    LIBRARY\driverlib\ssi.c                  0x00000000   Number         0  ssi.o ABSOLUTE
    LIBRARY\driverlib\sw_crc.c               0x00000000   Number         0  sw_crc.o ABSOLUTE
    LIBRARY\driverlib\sysctl.c               0x00000000   Number         0  sysctl.o ABSOLUTE
    LIBRARY\driverlib\sysexc.c               0x00000000   Number         0  sysexc.o ABSOLUTE
    LIBRARY\driverlib\systick.c              0x00000000   Number         0  systick.o ABSOLUTE
    LIBRARY\driverlib\timer.c                0x00000000   Number         0  timer.o ABSOLUTE
    LIBRARY\driverlib\uart.c                 0x00000000   Number         0  uart.o ABSOLUTE
    LIBRARY\driverlib\udma.c                 0x00000000   Number         0  udma.o ABSOLUTE
    LIBRARY\driverlib\usb.c                  0x00000000   Number         0  usb.o ABSOLUTE
    LIBRARY\driverlib\watchdog.c             0x00000000   Number         0  watchdog.o ABSOLUTE
    LIBRARY\utils\uartstdio.c                0x00000000   Number         0  uartstdio.o ABSOLUTE
    USER\inverted pendulum.c                 0x00000000   Number         0  inverted pendulum.o ABSOLUTE
    USER\main.c                              0x00000000   Number         0  main.o ABSOLUTE
    USER\startup_rvmdk.S                     0x00000000   Number         0  startup_rvmdk.o ABSOLUTE
    USER\usr_tasks.c                         0x00000000   Number         0  usr_tasks.o ABSOLUTE
    dc.s                                     0x00000000   Number         0  dc.o ABSOLUTE
    handlers.s                               0x00000000   Number         0  handlers.o ABSOLUTE
    init.s                                   0x00000000   Number         0  init.o ABSOLUTE
    $v0                                      0x0000026c   Number         0  startup_rvmdk.o(RESET)
    NmiSR                                    0x00000281   Thumb Code     0  startup_rvmdk.o(RESET)
    FaultISR                                 0x00000283   Thumb Code     0  startup_rvmdk.o(RESET)
    IntDefaultHandler                        0x00000285   Thumb Code     0  startup_rvmdk.o(RESET)
    .ARM.Collect$$$$00000000                 0x00000288   Section        0  entry.o(.ARM.Collect$$$$00000000)
    .ARM.Collect$$$$00000001                 0x00000288   Section        4  entry2.o(.ARM.Collect$$$$00000001)
    .ARM.Collect$$$$00000004                 0x0000028c   Section        4  entry5.o(.ARM.Collect$$$$00000004)
    .ARM.Collect$$$$00000008                 0x00000290   Section        0  entry7b.o(.ARM.Collect$$$$00000008)
    .ARM.Collect$$$$0000000A                 0x00000290   Section        0  entry8b.o(.ARM.Collect$$$$0000000A)
    .ARM.Collect$$$$0000000B                 0x00000290   Section        8  entry9a.o(.ARM.Collect$$$$0000000B)
    .ARM.Collect$$$$0000000D                 0x00000298   Section        0  entry10a.o(.ARM.Collect$$$$0000000D)
    .ARM.Collect$$$$0000000F                 0x00000298   Section        0  entry11a.o(.ARM.Collect$$$$0000000F)
    .ARM.Collect$$$$00002712                 0x00000298   Section        4  entry2.o(.ARM.Collect$$$$00002712)
    __lit__00000000                          0x00000298   Data           4  entry2.o(.ARM.Collect$$$$00002712)
    .emb_text                                0x0000029c   Section        6  sysctl.o(.emb_text)
    $v0                                      0x0000029c   Number         0  sysctl.o(.emb_text)
    .emb_text                                0x000002a4   Section      182  port.o(.emb_text)
    $v0                                      0x000002a4   Number         0  port.o(.emb_text)
    .text                                    0x0000035a   Section        0  memseta.o(.text)
    .text                                    0x0000037e   Section        0  dadd.o(.text)
    .text                                    0x000004cc   Section        0  dmul.o(.text)
    .text                                    0x000005b0   Section        0  dfixi.o(.text)
    .text                                    0x000005ee   Section        0  f2d.o(.text)
    .text                                    0x00000614   Section        0  d2f.o(.text)
    .text                                    0x0000064c   Section        0  llshl.o(.text)
    .text                                    0x0000066a   Section        0  llushr.o(.text)
    .text                                    0x0000068a   Section        0  llsshr.o(.text)
    .text                                    0x000006ae   Section        0  fepilogue.o(.text)
    .text                                    0x000006ae   Section        0  iusefp.o(.text)
    .text                                    0x0000071c   Section        0  depilogue.o(.text)
    .text                                    0x000007d8   Section       36  init.o(.text)
    .text                                    0x000007fc   Section        0  __dczerorl2.o(.text)
    i.ADC0IntHander                          0x00000854   Section        0  adc.o(i.ADC0IntHander)
    i.ADCClockConfigSet                      0x000008e0   Section        0  adc_1.o(i.ADCClockConfigSet)
    i.ADCHardwareOversampleConfigure         0x000008fc   Section        0  adc_1.o(i.ADCHardwareOversampleConfigure)
    i.ADCIntClear                            0x0000090e   Section        0  adc_1.o(i.ADCIntClear)
    i.ADCIntEnable                           0x00000916   Section        0  adc_1.o(i.ADCIntEnable)
    i.ADCIntRegister                         0x00000924   Section        0  adc_1.o(i.ADCIntRegister)
    i.ADCProcessorTrigger                    0x0000093e   Section        0  adc_1.o(i.ADCProcessorTrigger)
    i.ADCReferenceSet                        0x00000954   Section        0  adc_1.o(i.ADCReferenceSet)
    i.ADCSequenceConfigure                   0x00000960   Section        0  adc_1.o(i.ADCSequenceConfigure)
    i.ADCSequenceDataGet                     0x000009a4   Section        0  adc_1.o(i.ADCSequenceDataGet)
    i.ADCSequenceEnable                      0x000009c0   Section        0  adc_1.o(i.ADCSequenceEnable)
    i.ADCSequenceStepConfigure               0x000009cc   Section        0  adc_1.o(i.ADCSequenceStepConfigure)
    i.ADC_Init                               0x00000a3c   Section        0  adc.o(i.ADC_Init)
    i.ADC_Trig                               0x00000aec   Section        0  adc.o(i.ADC_Trig)
    i.BSP_SysInit                            0x00000af8   Section        0  my_include.o(i.BSP_SysInit)
    i.GPIODirModeSet                         0x00000b24   Section        0  gpio.o(i.GPIODirModeSet)
    i.GPIOPadConfigSet                       0x00000b4a   Section        0  gpio.o(i.GPIOPadConfigSet)
    i.GPIOPinConfigure                       0x00000c68   Section        0  gpio.o(i.GPIOPinConfigure)
    i.GPIOPinRead                            0x00000cac   Section        0  gpio.o(i.GPIOPinRead)
    i.GPIOPinTypeADC                         0x00000cb2   Section        0  gpio.o(i.GPIOPinTypeADC)
    i.GPIOPinTypeGPIOInput                   0x00000cce   Section        0  gpio.o(i.GPIOPinTypeGPIOInput)
    i.GPIOPinTypePWM                         0x00000cea   Section        0  gpio.o(i.GPIOPinTypePWM)
    i.GPIOPinTypeQEI                         0x00000d06   Section        0  gpio.o(i.GPIOPinTypeQEI)
    i.GPIOPinTypeUART                        0x00000d22   Section        0  gpio.o(i.GPIOPinTypeUART)
    i.GPIOPinWrite                           0x00000d3e   Section        0  gpio.o(i.GPIOPinWrite)
    i.InitConsole                            0x00000d44   Section        0  uart_init.o(i.InitConsole)
    i.IntEnable                              0x00000d94   Section        0  interrupt.o(i.IntEnable)
    i.IntPrioritySet                         0x00000df0   Section        0  interrupt.o(i.IntPrioritySet)
    i.IntRegister                            0x00000e14   Section        0  interrupt.o(i.IntRegister)
    i.KEY_init                               0x00000e44   Section        0  key.o(i.KEY_init)
    i.LED_Init                               0x00000e7c   Section        0  drv_led.o(i.LED_Init)
    i.PIDSpeed_Realize                       0x00000ea0   Section        0  pid.o(i.PIDSpeed_Realize)
    i.PID_Speed_Init                         0x00000f54   Section        0  pid.o(i.PID_Speed_Init)
    i.PWMDutyCycleSet                        0x00000f8c   Section        0  pwm_model.o(i.PWMDutyCycleSet)
    i.PWMGenConfigure                        0x00000f98   Section        0  pwm.o(i.PWMGenConfigure)
    i.PWMGenEnable                           0x00000fc0   Section        0  pwm.o(i.PWMGenEnable)
    i.PWMGenPeriodSet                        0x00000fca   Section        0  pwm.o(i.PWMGenPeriodSet)
    i.PWMOUTSet                              0x00000fe0   Section        0  pwm_model.o(i.PWMOUTSet)
    i.PWMOutputState                         0x00001038   Section        0  pwm.o(i.PWMOutputState)
    i.PWMPulseWidthSet                       0x00001048   Section        0  pwm.o(i.PWMPulseWidthSet)
    i.PWM_Config                             0x00001068   Section        0  pwm_model.o(i.PWM_Config)
    i.QEI0_IRQHandler                        0x00001128   Section        0  qei_model.o(i.QEI0_IRQHandler)
    i.QEIConfigure                           0x0000112e   Section        0  qei.o(i.QEIConfigure)
    i.QEIDirectionGet                        0x0000113c   Section        0  qei.o(i.QEIDirectionGet)
    i.QEIEnable                              0x0000114c   Section        0  qei.o(i.QEIEnable)
    i.QEIIntClear                            0x00001156   Section        0  qei.o(i.QEIIntClear)
    i.QEIIntEnable                           0x0000115a   Section        0  qei.o(i.QEIIntEnable)
    i.QEIIntRegister                         0x00001162   Section        0  qei.o(i.QEIIntRegister)
    i.QEIIntStatus                           0x0000117c   Section        0  qei.o(i.QEIIntStatus)
    i.QEIPositionGet                         0x00001186   Section        0  qei.o(i.QEIPositionGet)
    i.QEIVelocityConfigure                   0x0000118a   Section        0  qei.o(i.QEIVelocityConfigure)
    i.QEIVelocityEnable                      0x0000119a   Section        0  qei.o(i.QEIVelocityEnable)
    i.QEIVelocityGet                         0x000011a4   Section        0  qei.o(i.QEIVelocityGet)
    i.QEI_Config                             0x000011a8   Section        0  qei_model.o(i.QEI_Config)
    i.QEI_InitConfig                         0x000011b4   Section        0  qei_model.o(i.QEI_InitConfig)
    i.SysCtlClockGet                         0x00001270   Section        0  sysctl.o(i.SysCtlClockGet)
    i.SysCtlPWMClockSet                      0x000013ac   Section        0  sysctl.o(i.SysCtlPWMClockSet)
    i.SysCtlPeripheralEnable                 0x000013c0   Section        0  sysctl.o(i.SysCtlPeripheralEnable)
    i.SysCtlPeripheralReady                  0x000013e8   Section        0  sysctl.o(i.SysCtlPeripheralReady)
    i.UARTClockSourceSet                     0x00001414   Section        0  uart.o(i.UARTClockSourceSet)
    i.UARTStdioConfig                        0x0000141c   Section        0  uartstdio.o(i.UARTStdioConfig)
    i.UARTprintf                             0x00001478   Section        0  uartstdio.o(i.UARTprintf)
    i.UARTvprintf                            0x0000148c   Section        0  uartstdio.o(i.UARTvprintf)
    i.UARTwrite                              0x00001640   Section        0  uartstdio.o(i.UARTwrite)
    i._ADCIntNumberGet                       0x0000167c   Section        0  adc_1.o(i._ADCIntNumberGet)
    _ADCIntNumberGet                         0x0000167d   Thumb Code    60  adc_1.o(i._ADCIntNumberGet)
    i._QEIIntNumberGet                       0x000016cc   Section        0  qei.o(i._QEIIntNumberGet)
    _QEIIntNumberGet                         0x000016cd   Thumb Code    48  qei.o(i._QEIIntNumberGet)
    i.__scatterload_copy                     0x00001710   Section       14  handlers.o(i.__scatterload_copy)
    i.__scatterload_null                     0x0000171e   Section        2  handlers.o(i.__scatterload_null)
    i.__scatterload_zeroinit                 0x00001720   Section       14  handlers.o(i.__scatterload_zeroinit)
    i.key_scan                               0x00001730   Section        0  key.o(i.key_scan)
    i.main                                   0x0000178c   Section        0  main.o(i.main)
    i.prvAddCurrentTaskToDelayedList         0x00001808   Section        0  tasks.o(i.prvAddCurrentTaskToDelayedList)
    prvAddCurrentTaskToDelayedList           0x00001809   Thumb Code    48  tasks.o(i.prvAddCurrentTaskToDelayedList)
    i.prvCheckTasksWaitingTermination        0x0000183c   Section        0  tasks.o(i.prvCheckTasksWaitingTermination)
    prvCheckTasksWaitingTermination          0x0000183d   Thumb Code    80  tasks.o(i.prvCheckTasksWaitingTermination)
    i.prvIdleTask                            0x00001894   Section        0  tasks.o(i.prvIdleTask)
    prvIdleTask                              0x00001895   Thumb Code     6  tasks.o(i.prvIdleTask)
    i.prvResetNextTaskUnblockTime            0x0000189c   Section        0  tasks.o(i.prvResetNextTaskUnblockTime)
    prvResetNextTaskUnblockTime              0x0000189d   Thumb Code    26  tasks.o(i.prvResetNextTaskUnblockTime)
    i.prvTaskExitError                       0x000018bc   Section        0  port.o(i.prvTaskExitError)
    prvTaskExitError                         0x000018bd   Thumb Code    16  port.o(i.prvTaskExitError)
    i.pvPortMalloc                           0x000018cc   Section        0  heap_2.o(i.pvPortMalloc)
    i.pxPortInitialiseStack                  0x00001980   Section        0  port.o(i.pxPortInitialiseStack)
    i.qei_irq_handler                        0x000019a8   Section        0  qei_model.o(i.qei_irq_handler)
    i.start_task                             0x00001a08   Section        0  main.o(i.start_task)
    i.task_adc                               0x00001b20   Section        0  usr_tasks.o(i.task_adc)
    i.task_blinky                            0x00001b54   Section        0  usr_tasks.o(i.task_blinky)
    i.task_key                               0x00001c08   Section        0  usr_tasks.o(i.task_key)
    i.task_main                              0x00001c20   Section        0  usr_tasks.o(i.task_main)
    i.task_pwm                               0x00001ca8   Section        0  usr_tasks.o(i.task_pwm)
    i.task_qei                               0x00001cc4   Section        0  usr_tasks.o(i.task_qei)
    i.uxListRemove                           0x00001d04   Section        0  list.o(i.uxListRemove)
    i.vApplicationStackOverflowHook          0x00001d28   Section        0  main.o(i.vApplicationStackOverflowHook)
    i.vListInitialise                        0x00001d2a   Section        0  list.o(i.vListInitialise)
    i.vListInitialiseItem                    0x00001d40   Section        0  list.o(i.vListInitialiseItem)
    i.vListInsert                            0x00001d46   Section        0  list.o(i.vListInsert)
    i.vListInsertEnd                         0x00001d76   Section        0  list.o(i.vListInsertEnd)
    i.vPortEnterCritical                     0x00001d90   Section        0  port.o(i.vPortEnterCritical)
    i.vPortExitCritical                      0x00001dac   Section        0  port.o(i.vPortExitCritical)
    i.vPortFree                              0x00001dc0   Section        0  heap_2.o(i.vPortFree)
    i.vPortSetupTimerInterrupt               0x00001dfc   Section        0  port.o(i.vPortSetupTimerInterrupt)
    i.vTaskDelayUntil                        0x00001e0c   Section        0  tasks.o(i.vTaskDelayUntil)
    i.vTaskDelete                            0x00001e7c   Section        0  tasks.o(i.vTaskDelete)
    i.vTaskStartScheduler                    0x00001f0c   Section        0  tasks.o(i.vTaskStartScheduler)
    i.vTaskSuspendAll                        0x00001f60   Section        0  tasks.o(i.vTaskSuspendAll)
    i.vTaskSwitchContext                     0x00001f70   Section        0  tasks.o(i.vTaskSwitchContext)
    i.xPortStartScheduler                    0x00001fe0   Section        0  port.o(i.xPortStartScheduler)
    i.xPortSysTickHandler                    0x00002020   Section        0  port.o(i.xPortSysTickHandler)
    i.xTaskGenericCreate                     0x0000204c   Section        0  tasks.o(i.xTaskGenericCreate)
    i.xTaskGetTickCount                      0x000021d4   Section        0  tasks.o(i.xTaskGetTickCount)
    i.xTaskIncrementTick                     0x000021e0   Section        0  tasks.o(i.xTaskIncrementTick)
    i.xTaskResumeAll                         0x00002294   Section        0  tasks.o(i.xTaskResumeAll)
    .constdata                               0x00002344   Section       28  uartstdio.o(.constdata)
    g_pcHex                                  0x00002344   Data           4  uartstdio.o(.constdata)
    g_ui32UARTBase                           0x00002348   Data          12  uartstdio.o(.constdata)
    g_ui32UARTPeriph                         0x00002354   Data          12  uartstdio.o(.constdata)
    .constdata                               0x00002360   Section      552  gpio.o(.constdata)
    g_ppui32GPIOIntMapBlizzard               0x00002360   Data         192  gpio.o(.constdata)
    g_ppui32GPIOIntMapSnowflake              0x00002420   Data         216  gpio.o(.constdata)
    g_pui32GPIOBaseAddrs                     0x000024f8   Data         144  gpio.o(.constdata)
    .constdata                               0x00002588   Section      268  interrupt.o(.constdata)
    g_pui32Priority                          0x00002588   Data          32  interrupt.o(.constdata)
    g_pui32Regs                              0x000025a8   Data         156  interrupt.o(.constdata)
    g_pui32EnRegs                            0x00002644   Data          20  interrupt.o(.constdata)
    g_pui32Dii16Regs                         0x00002658   Data          20  interrupt.o(.constdata)
    g_pui32PendRegs                          0x0000266c   Data          20  interrupt.o(.constdata)
    g_pui32UnpendRegs                        0x00002680   Data          20  interrupt.o(.constdata)
    .constdata                               0x00002694   Section      596  sysctl.o(.constdata)
    g_pui32VCOFrequencies                    0x00002694   Data           8  sysctl.o(.constdata)
    g_pui32Xtals                             0x0000269c   Data         108  sysctl.o(.constdata)
    g_pppui32XTALtoVCO                       0x00002708   Data         432  sysctl.o(.constdata)
    g_sXTALtoMEMTIM                          0x000028b8   Data          48  sysctl.o(.constdata)
    .conststring                             0x000028e8   Section       17  uartstdio.o(.conststring)
    .data                                    0x20000000   Section       28  main.o(.data)
    .data                                    0x2000001c   Section        2  usr_tasks.o(.data)
    .data                                    0x20000020   Section       16  pid.o(.data)
    D_Bias                                   0x20000020   Data           4  pid.o(.data)
    Last_Bias                                0x20000024   Data           4  pid.o(.data)
    Speed_LPF                                0x20000028   Data           4  pid.o(.data)
    Last_Position                            0x2000002c   Data           4  pid.o(.data)
    .data                                    0x20000030   Section        4  adc.o(.data)
    .data                                    0x20000034   Section        8  key.o(.data)
    .data                                    0x2000003c   Section      108  qei_model.o(.data)
    .data                                    0x200000a8   Section        8  uartstdio.o(.data)
    bLastWasCR                               0x200000a8   Data           1  uartstdio.o(.data)
    g_ui32Base                               0x200000ac   Data           4  uartstdio.o(.data)
    .data                                    0x200000b0   Section       56  tasks.o(.data)
    uxTasksDeleted                           0x200000b4   Data           4  tasks.o(.data)
    uxCurrentNumberOfTasks                   0x200000b8   Data           4  tasks.o(.data)
    xTickCount                               0x200000bc   Data           4  tasks.o(.data)
    uxTopReadyPriority                       0x200000c0   Data           4  tasks.o(.data)
    xSchedulerRunning                        0x200000c4   Data           4  tasks.o(.data)
    uxPendedTicks                            0x200000c8   Data           4  tasks.o(.data)
    xYieldPending                            0x200000cc   Data           4  tasks.o(.data)
    xNumOfOverflows                          0x200000d0   Data           4  tasks.o(.data)
    uxTaskNumber                             0x200000d4   Data           4  tasks.o(.data)
    xNextTaskUnblockTime                     0x200000d8   Data           4  tasks.o(.data)
    uxSchedulerSuspended                     0x200000dc   Data           4  tasks.o(.data)
    pxDelayedTaskList                        0x200000e0   Data           4  tasks.o(.data)
    pxOverflowDelayedTaskList                0x200000e4   Data           4  tasks.o(.data)
    .data                                    0x200000e8   Section       24  heap_2.o(.data)
    xFreeBytesRemaining                      0x200000e8   Data           4  heap_2.o(.data)
    xHeapHasBeenInitialised                  0x200000ec   Data           4  heap_2.o(.data)
    xStart                                   0x200000f0   Data           8  heap_2.o(.data)
    xEnd                                     0x200000f8   Data           8  heap_2.o(.data)
    .data                                    0x20000100   Section        4  port.o(.data)
    uxCriticalNesting                        0x20000100   Data           4  port.o(.data)
    vtable                                   0x20000400   Section      620  interrupt.o(vtable)
    g_pfnRAMVectors                          0x20000400   Data         620  interrupt.o(vtable)
    .bss                                     0x2000066c   Section       80  pid.o(.bss)
    .bss                                     0x200006bc   Section      400  tasks.o(.bss)
    pxReadyTasksLists                        0x200006bc   Data         300  tasks.o(.bss)
    xDelayedTaskList1                        0x200007e8   Data          20  tasks.o(.bss)
    xDelayedTaskList2                        0x200007fc   Data          20  tasks.o(.bss)
    xPendingReadyList                        0x20000810   Data          20  tasks.o(.bss)
    xTasksWaitingTermination                 0x20000824   Data          20  tasks.o(.bss)
    xSuspendedTaskList                       0x20000838   Data          20  tasks.o(.bss)
    .bss                                     0x2000084c   Section    10240  heap_2.o(.bss)
    ucHeap                                   0x2000084c   Data       10240  heap_2.o(.bss)
    STACK                                    0x20003050   Section      512  startup_rvmdk.o(STACK)
    StackMem                                 0x20003050   Data           0  startup_rvmdk.o(STACK)

    Global Symbols

    Symbol Name                              Value     Ov Type        Size  Object(Section)

    BuildAttributes$$THM_ISAv4$E$P$D$K$B$S$7EM$VFPi3$EXTD16$VFPS$VFMA$PE$A:L22UL41UL21$X:L11$S22US41US21$IEEE1$IW$USESV6$~STKCKD$USESV7$~SHL$OTIME$ROPI$EBA8$MICROLIB$REQ8$PRES8$EABIv2 0x00000000   Number         0  anon$$obj.o ABSOLUTE
    __ARM_use_no_argv                        0x00000000   Number         0  main.o ABSOLUTE
    __Vectors                                0x00000000   Data           0  startup_rvmdk.o(RESET)
    __cpp_initialize__aeabi_                  - Undefined Weak Reference
    __cxa_finalize                            - Undefined Weak Reference
    _clock_init                               - Undefined Weak Reference
    _microlib_exit                            - Undefined Weak Reference
    Reset_Handler                            0x0000026d   Thumb Code     0  startup_rvmdk.o(RESET)
    __main                                   0x00000289   Thumb Code     0  entry.o(.ARM.Collect$$$$00000000)
    _main_stk                                0x00000289   Thumb Code     0  entry2.o(.ARM.Collect$$$$00000001)
    _main_scatterload                        0x0000028d   Thumb Code     0  entry5.o(.ARM.Collect$$$$00000004)
    __main_after_scatterload                 0x00000291   Thumb Code     0  entry5.o(.ARM.Collect$$$$00000004)
    _main_clock                              0x00000291   Thumb Code     0  entry7b.o(.ARM.Collect$$$$00000008)
    _main_cpp_init                           0x00000291   Thumb Code     0  entry8b.o(.ARM.Collect$$$$0000000A)
    _main_init                               0x00000291   Thumb Code     0  entry9a.o(.ARM.Collect$$$$0000000B)
    __rt_final_cpp                           0x00000299   Thumb Code     0  entry10a.o(.ARM.Collect$$$$0000000D)
    __rt_final_exit                          0x00000299   Thumb Code     0  entry11a.o(.ARM.Collect$$$$0000000F)
    SysCtlDelay                              0x0000029d   Thumb Code     6  sysctl.o(.emb_text)
    vPortSVCHandler                          0x000002a5   Thumb Code    28  port.o(.emb_text)
    __asm___6_port_c_39a90d8d__prvStartFirstTask 0x000002c5   Thumb Code    28  port.o(.emb_text)
    __asm___6_port_c_39a90d8d__prvEnableVFP  0x000002e5   Thumb Code    16  port.o(.emb_text)
    xPortPendSVHandler                       0x000002f9   Thumb Code    88  port.o(.emb_text)
    vPortGetIPSR                             0x00000355   Thumb Code     6  port.o(.emb_text)
    __aeabi_memset                           0x0000035b   Thumb Code    14  memseta.o(.text)
    __aeabi_memset4                          0x0000035b   Thumb Code     0  memseta.o(.text)
    __aeabi_memset8                          0x0000035b   Thumb Code     0  memseta.o(.text)
    __aeabi_memclr                           0x00000369   Thumb Code     4  memseta.o(.text)
    __aeabi_memclr4                          0x00000369   Thumb Code     0  memseta.o(.text)
    __aeabi_memclr8                          0x00000369   Thumb Code     0  memseta.o(.text)
    _memset$wrapper                          0x0000036d   Thumb Code    18  memseta.o(.text)
    __aeabi_dadd                             0x0000037f   Thumb Code   322  dadd.o(.text)
    __aeabi_dsub                             0x000004c1   Thumb Code     6  dadd.o(.text)
    __aeabi_drsub                            0x000004c7   Thumb Code     6  dadd.o(.text)
    __aeabi_dmul                             0x000004cd   Thumb Code   228  dmul.o(.text)
    __aeabi_d2iz                             0x000005b1   Thumb Code    62  dfixi.o(.text)
    __aeabi_f2d                              0x000005ef   Thumb Code    38  f2d.o(.text)
    __aeabi_d2f                              0x00000615   Thumb Code    56  d2f.o(.text)
    __aeabi_llsl                             0x0000064d   Thumb Code    30  llshl.o(.text)
    _ll_shift_l                              0x0000064d   Thumb Code     0  llshl.o(.text)
    __aeabi_llsr                             0x0000066b   Thumb Code    32  llushr.o(.text)
    _ll_ushift_r                             0x0000066b   Thumb Code     0  llushr.o(.text)
    __aeabi_lasr                             0x0000068b   Thumb Code    36  llsshr.o(.text)
    _ll_sshift_r                             0x0000068b   Thumb Code     0  llsshr.o(.text)
    __I$use$fp                               0x000006af   Thumb Code     0  iusefp.o(.text)
    _float_round                             0x000006af   Thumb Code    18  fepilogue.o(.text)
    _float_epilogue                          0x000006c1   Thumb Code    92  fepilogue.o(.text)
    _double_round                            0x0000071d   Thumb Code    30  depilogue.o(.text)
    _double_epilogue                         0x0000073b   Thumb Code   156  depilogue.o(.text)
    __scatterload                            0x000007d9   Thumb Code    28  init.o(.text)
    __scatterload_rt2                        0x000007d9   Thumb Code     0  init.o(.text)
    __decompress                             0x000007fd   Thumb Code     0  __dczerorl2.o(.text)
    __decompress1                            0x000007fd   Thumb Code    86  __dczerorl2.o(.text)
    ADC0IntHander                            0x00000855   Thumb Code   106  adc.o(i.ADC0IntHander)
    ADCClockConfigSet                        0x000008e1   Thumb Code    28  adc_1.o(i.ADCClockConfigSet)
    ADCHardwareOversampleConfigure           0x000008fd   Thumb Code    18  adc_1.o(i.ADCHardwareOversampleConfigure)
    ADCIntClear                              0x0000090f   Thumb Code     8  adc_1.o(i.ADCIntClear)
    ADCIntEnable                             0x00000917   Thumb Code    14  adc_1.o(i.ADCIntEnable)
    ADCIntRegister                           0x00000925   Thumb Code    26  adc_1.o(i.ADCIntRegister)
    ADCProcessorTrigger                      0x0000093f   Thumb Code    22  adc_1.o(i.ADCProcessorTrigger)
    ADCReferenceSet                          0x00000955   Thumb Code    12  adc_1.o(i.ADCReferenceSet)
    ADCSequenceConfigure                     0x00000961   Thumb Code    68  adc_1.o(i.ADCSequenceConfigure)
    ADCSequenceDataGet                       0x000009a5   Thumb Code    28  adc_1.o(i.ADCSequenceDataGet)
    ADCSequenceEnable                        0x000009c1   Thumb Code    12  adc_1.o(i.ADCSequenceEnable)
    ADCSequenceStepConfigure                 0x000009cd   Thumb Code   112  adc_1.o(i.ADCSequenceStepConfigure)
    ADC_Init                                 0x00000a3d   Thumb Code   154  adc.o(i.ADC_Init)
    ADC_Trig                                 0x00000aed   Thumb Code     8  adc.o(i.ADC_Trig)
    BSP_SysInit                              0x00000af9   Thumb Code    38  my_include.o(i.BSP_SysInit)
    GPIODirModeSet                           0x00000b25   Thumb Code    38  gpio.o(i.GPIODirModeSet)
    GPIOPadConfigSet                         0x00000b4b   Thumb Code   284  gpio.o(i.GPIOPadConfigSet)
    GPIOPinConfigure                         0x00000c69   Thumb Code    58  gpio.o(i.GPIOPinConfigure)
    GPIOPinRead                              0x00000cad   Thumb Code     6  gpio.o(i.GPIOPinRead)
    GPIOPinTypeADC                           0x00000cb3   Thumb Code    28  gpio.o(i.GPIOPinTypeADC)
    GPIOPinTypeGPIOInput                     0x00000ccf   Thumb Code    28  gpio.o(i.GPIOPinTypeGPIOInput)
    GPIOPinTypePWM                           0x00000ceb   Thumb Code    28  gpio.o(i.GPIOPinTypePWM)
    GPIOPinTypeQEI                           0x00000d07   Thumb Code    28  gpio.o(i.GPIOPinTypeQEI)
    GPIOPinTypeUART                          0x00000d23   Thumb Code    28  gpio.o(i.GPIOPinTypeUART)
    GPIOPinWrite                             0x00000d3f   Thumb Code     6  gpio.o(i.GPIOPinWrite)
    InitConsole                              0x00000d45   Thumb Code    62  uart_init.o(i.InitConsole)
    IntEnable                                0x00000d95   Thumb Code    84  interrupt.o(i.IntEnable)
    IntPrioritySet                           0x00000df1   Thumb Code    30  interrupt.o(i.IntPrioritySet)
    IntRegister                              0x00000e15   Thumb Code    38  interrupt.o(i.IntRegister)
    KEY_init                                 0x00000e45   Thumb Code    46  key.o(i.KEY_init)
    LED_Init                                 0x00000e7d   Thumb Code    28  drv_led.o(i.LED_Init)
    PIDSpeed_Realize                         0x00000ea1   Thumb Code   154  pid.o(i.PIDSpeed_Realize)
    PID_Speed_Init                           0x00000f55   Thumb Code    48  pid.o(i.PID_Speed_Init)
    PWMDutyCycleSet                          0x00000f8d   Thumb Code    12  pwm_model.o(i.PWMDutyCycleSet)
    PWMGenConfigure                          0x00000f99   Thumb Code    36  pwm.o(i.PWMGenConfigure)
    PWMGenEnable                             0x00000fc1   Thumb Code    10  pwm.o(i.PWMGenEnable)
    PWMGenPeriodSet                          0x00000fcb   Thumb Code    20  pwm.o(i.PWMGenPeriodSet)
    PWMOUTSet                                0x00000fe1   Thumb Code    84  pwm_model.o(i.PWMOUTSet)
    PWMOutputState                           0x00001039   Thumb Code    16  pwm.o(i.PWMOutputState)
    PWMPulseWidthSet                         0x00001049   Thumb Code    30  pwm.o(i.PWMPulseWidthSet)
    PWM_Config                               0x00001069   Thumb Code   166  pwm_model.o(i.PWM_Config)
    QEI0_IRQHandler                          0x00001129   Thumb Code     6  qei_model.o(i.QEI0_IRQHandler)
    QEIConfigure                             0x0000112f   Thumb Code    14  qei.o(i.QEIConfigure)
    QEIDirectionGet                          0x0000113d   Thumb Code    16  qei.o(i.QEIDirectionGet)
    QEIEnable                                0x0000114d   Thumb Code    10  qei.o(i.QEIEnable)
    QEIIntClear                              0x00001157   Thumb Code     4  qei.o(i.QEIIntClear)
    QEIIntEnable                             0x0000115b   Thumb Code     8  qei.o(i.QEIIntEnable)
    QEIIntRegister                           0x00001163   Thumb Code    26  qei.o(i.QEIIntRegister)
    QEIIntStatus                             0x0000117d   Thumb Code    10  qei.o(i.QEIIntStatus)
    QEIPositionGet                           0x00001187   Thumb Code     4  qei.o(i.QEIPositionGet)
    QEIVelocityConfigure                     0x0000118b   Thumb Code    16  qei.o(i.QEIVelocityConfigure)
    QEIVelocityEnable                        0x0000119b   Thumb Code    10  qei.o(i.QEIVelocityEnable)
    QEIVelocityGet                           0x000011a5   Thumb Code     4  qei.o(i.QEIVelocityGet)
    QEI_Config                               0x000011a9   Thumb Code     6  qei_model.o(i.QEI_Config)
    QEI_InitConfig                           0x000011b5   Thumb Code   170  qei_model.o(i.QEI_InitConfig)
    SysCtlClockGet                           0x00001271   Thumb Code   278  sysctl.o(i.SysCtlClockGet)
    SysCtlPWMClockSet                        0x000013ad   Thumb Code    14  sysctl.o(i.SysCtlPWMClockSet)
    SysCtlPeripheralEnable                   0x000013c1   Thumb Code    36  sysctl.o(i.SysCtlPeripheralEnable)
    SysCtlPeripheralReady                    0x000013e9   Thumb Code    40  sysctl.o(i.SysCtlPeripheralReady)
    UARTClockSourceSet                       0x00001415   Thumb Code     6  uart.o(i.UARTClockSourceSet)
    UARTStdioConfig                          0x0000141d   Thumb Code    82  uartstdio.o(i.UARTStdioConfig)
    UARTprintf                               0x00001479   Thumb Code    18  uartstdio.o(i.UARTprintf)
    UARTvprintf                              0x0000148d   Thumb Code   420  uartstdio.o(i.UARTvprintf)
    UARTwrite                                0x00001641   Thumb Code    56  uartstdio.o(i.UARTwrite)
    __scatterload_copy                       0x00001711   Thumb Code    14  handlers.o(i.__scatterload_copy)
    __scatterload_null                       0x0000171f   Thumb Code     2  handlers.o(i.__scatterload_null)
    __scatterload_zeroinit                   0x00001721   Thumb Code    14  handlers.o(i.__scatterload_zeroinit)
    key_scan                                 0x00001731   Thumb Code    84  key.o(i.key_scan)
    main                                     0x0000178d   Thumb Code    76  main.o(i.main)
    pvPortMalloc                             0x000018cd   Thumb Code   172  heap_2.o(i.pvPortMalloc)
    pxPortInitialiseStack                    0x00001981   Thumb Code    36  port.o(i.pxPortInitialiseStack)
    qei_irq_handler                          0x000019a9   Thumb Code    90  qei_model.o(i.qei_irq_handler)
    start_task                               0x00001a09   Thumb Code   180  main.o(i.start_task)
    task_adc                                 0x00001b21   Thumb Code    34  usr_tasks.o(i.task_adc)
    task_blinky                              0x00001b55   Thumb Code   170  usr_tasks.o(i.task_blinky)
    task_key                                 0x00001c09   Thumb Code    22  usr_tasks.o(i.task_key)
    task_main                                0x00001c21   Thumb Code    58  usr_tasks.o(i.task_main)
    task_pwm                                 0x00001ca9   Thumb Code    28  usr_tasks.o(i.task_pwm)
    task_qei                                 0x00001cc5   Thumb Code    28  usr_tasks.o(i.task_qei)
    uxListRemove                             0x00001d05   Thumb Code    36  list.o(i.uxListRemove)
    vApplicationStackOverflowHook            0x00001d29   Thumb Code     2  main.o(i.vApplicationStackOverflowHook)
    vListInitialise                          0x00001d2b   Thumb Code    22  list.o(i.vListInitialise)
    vListInitialiseItem                      0x00001d41   Thumb Code     6  list.o(i.vListInitialiseItem)
    vListInsert                              0x00001d47   Thumb Code    48  list.o(i.vListInsert)
    vListInsertEnd                           0x00001d77   Thumb Code    24  list.o(i.vListInsertEnd)
    vPortEnterCritical                       0x00001d91   Thumb Code    24  port.o(i.vPortEnterCritical)
    vPortExitCritical                        0x00001dad   Thumb Code    16  port.o(i.vPortExitCritical)
    vPortFree                                0x00001dc1   Thumb Code    56  heap_2.o(i.vPortFree)
    vPortSetupTimerInterrupt                 0x00001dfd   Thumb Code    16  port.o(i.vPortSetupTimerInterrupt)
    vTaskDelayUntil                          0x00001e0d   Thumb Code   102  tasks.o(i.vTaskDelayUntil)
    vTaskDelete                              0x00001e7d   Thumb Code   128  tasks.o(i.vTaskDelete)
    vTaskStartScheduler                      0x00001f0d   Thumb Code    66  tasks.o(i.vTaskStartScheduler)
    vTaskSuspendAll                          0x00001f61   Thumb Code    10  tasks.o(i.vTaskSuspendAll)
    vTaskSwitchContext                       0x00001f71   Thumb Code   104  tasks.o(i.vTaskSwitchContext)
    xPortStartScheduler                      0x00001fe1   Thumb Code    52  port.o(i.xPortStartScheduler)
    xPortSysTickHandler                      0x00002021   Thumb Code    38  port.o(i.xPortSysTickHandler)
    xTaskGenericCreate                       0x0000204d   Thumb Code   376  tasks.o(i.xTaskGenericCreate)
    xTaskGetTickCount                        0x000021d5   Thumb Code     6  tasks.o(i.xTaskGetTickCount)
    xTaskIncrementTick                       0x000021e1   Thumb Code   172  tasks.o(i.xTaskIncrementTick)
    xTaskResumeAll                           0x00002295   Thumb Code   164  tasks.o(i.xTaskResumeAll)
    Region$$Table$$Base                      0x000028fc   Number         0  anon$$obj.o(Region$$Table)
    Region$$Table$$Limit                     0x0000291c   Number         0  anon$$obj.o(Region$$Table)
    StartTask_Handler                        0x20000000   Data           4  main.o(.data)
    TaskKEY_Handler                          0x20000004   Data           4  main.o(.data)
    TaskBlinky_Handler                       0x20000008   Data           4  main.o(.data)
    TaskADC_Handler                          0x2000000c   Data           4  main.o(.data)
    TaskPWM_Handler                          0x20000010   Data           4  main.o(.data)
    TaskQEI_Handler                          0x20000014   Data           4  main.o(.data)
    TaskMain_Handler                         0x20000018   Data           4  main.o(.data)
    pwm_value                                0x2000001c   Data           2  usr_tasks.o(.data)
    bDataReady                               0x20000030   Data           1  adc.o(.data)
    angle                                    0x20000032   Data           2  adc.o(.data)
    ReadPin                                  0x20000034   Data           1  key.o(.data)
    KeyPress                                 0x20000038   Data           4  key.o(.data)
    Init_flag                                0x2000003c   Data           1  qei_model.o(.data)
    qei_data_array                           0x20000040   Data         104  qei_model.o(.data)
    pxCurrentTCB                             0x200000b0   Data           4  tasks.o(.data)
    PIDBalance                               0x2000066c   Data          40  pid.o(.bss)
    PIDSpeed                                 0x20000694   Data          40  pid.o(.bss)
    __initial_sp                             0x20003250   Data           0  startup_rvmdk.o(STACK)



==============================================================================

Memory Map of the image

  Image Entry point : 0x00000289

  Load Region LR_IROM1 (Base: 0x00000000, Size: 0x00002f88, Max: 0x00040000, ABSOLUTE, COMPRESSED[0x00002970])

    Execution Region ER_IROM1 (Exec base: 0x00000000, Load base: 0x00000000, Size: 0x0000291c, Max: 0x00040000, ABSOLUTE)

    Exec Addr    Load Addr    Size         Type   Attr      Idx    E Section Name        Object

    0x00000000   0x00000000   0x00000288   Code   RO          193    RESET               startup_rvmdk.o
    0x00000288   0x00000288   0x00000000   Code   RO         7256  * .ARM.Collect$$$$00000000  mc_w.l(entry.o)
    0x00000288   0x00000288   0x00000004   Code   RO         7275    .ARM.Collect$$$$00000001  mc_w.l(entry2.o)
    0x0000028c   0x0000028c   0x00000004   Code   RO         7278    .ARM.Collect$$$$00000004  mc_w.l(entry5.o)
    0x00000290   0x00000290   0x00000000   Code   RO         7280    .ARM.Collect$$$$00000008  mc_w.l(entry7b.o)
    0x00000290   0x00000290   0x00000000   Code   RO         7282    .ARM.Collect$$$$0000000A  mc_w.l(entry8b.o)
    0x00000290   0x00000290   0x00000008   Code   RO         7283    .ARM.Collect$$$$0000000B  mc_w.l(entry9a.o)
    0x00000298   0x00000298   0x00000000   Code   RO         7285    .ARM.Collect$$$$0000000D  mc_w.l(entry10a.o)
    0x00000298   0x00000298   0x00000000   Code   RO         7287    .ARM.Collect$$$$0000000F  mc_w.l(entry11a.o)
    0x00000298   0x00000298   0x00000004   Code   RO         7276    .ARM.Collect$$$$00002712  mc_w.l(entry2.o)
    0x0000029c   0x0000029c   0x00000006   Code   RO         4635    .emb_text           sysctl.o
    0x000002a2   0x000002a2   0x00000002   PAD
    0x000002a4   0x000002a4   0x000000b6   Code   RO         7197    .emb_text           port.o
    0x0000035a   0x0000035a   0x00000024   Code   RO         7261    .text               mc_w.l(memseta.o)
    0x0000037e   0x0000037e   0x0000014e   Code   RO         7265    .text               mf_w.l(dadd.o)
    0x000004cc   0x000004cc   0x000000e4   Code   RO         7267    .text               mf_w.l(dmul.o)
    0x000005b0   0x000005b0   0x0000003e   Code   RO         7269    .text               mf_w.l(dfixi.o)
    0x000005ee   0x000005ee   0x00000026   Code   RO         7271    .text               mf_w.l(f2d.o)
    0x00000614   0x00000614   0x00000038   Code   RO         7273    .text               mf_w.l(d2f.o)
    0x0000064c   0x0000064c   0x0000001e   Code   RO         7289    .text               mc_w.l(llshl.o)
    0x0000066a   0x0000066a   0x00000020   Code   RO         7291    .text               mc_w.l(llushr.o)
    0x0000068a   0x0000068a   0x00000024   Code   RO         7293    .text               mc_w.l(llsshr.o)
    0x000006ae   0x000006ae   0x00000000   Code   RO         7295    .text               mc_w.l(iusefp.o)
    0x000006ae   0x000006ae   0x0000006e   Code   RO         7296    .text               mf_w.l(fepilogue.o)
    0x0000071c   0x0000071c   0x000000ba   Code   RO         7298    .text               mf_w.l(depilogue.o)
    0x000007d6   0x000007d6   0x00000002   PAD
    0x000007d8   0x000007d8   0x00000024   Code   RO         7300    .text               mc_w.l(init.o)
    0x000007fc   0x000007fc   0x00000056   Code   RO         7310    .text               mc_w.l(__dczerorl2.o)
    0x00000852   0x00000852   0x00000002   PAD
    0x00000854   0x00000854   0x0000008c   Code   RO          370    i.ADC0IntHander     adc.o
    0x000008e0   0x000008e0   0x0000001c   Code   RO          656    i.ADCClockConfigSet  adc_1.o
    0x000008fc   0x000008fc   0x00000012   Code   RO          664    i.ADCHardwareOversampleConfigure  adc_1.o
    0x0000090e   0x0000090e   0x00000008   Code   RO          665    i.ADCIntClear       adc_1.o
    0x00000916   0x00000916   0x0000000e   Code   RO          669    i.ADCIntEnable      adc_1.o
    0x00000924   0x00000924   0x0000001a   Code   RO          671    i.ADCIntRegister    adc_1.o
    0x0000093e   0x0000093e   0x00000016   Code   RO          677    i.ADCProcessorTrigger  adc_1.o
    0x00000954   0x00000954   0x0000000c   Code   RO          679    i.ADCReferenceSet   adc_1.o
    0x00000960   0x00000960   0x00000044   Code   RO          680    i.ADCSequenceConfigure  adc_1.o
    0x000009a4   0x000009a4   0x0000001c   Code   RO          683    i.ADCSequenceDataGet  adc_1.o
    0x000009c0   0x000009c0   0x0000000c   Code   RO          685    i.ADCSequenceEnable  adc_1.o
    0x000009cc   0x000009cc   0x00000070   Code   RO          688    i.ADCSequenceStepConfigure  adc_1.o
    0x00000a3c   0x00000a3c   0x000000b0   Code   RO          371    i.ADC_Init          adc.o
    0x00000aec   0x00000aec   0x0000000c   Code   RO          372    i.ADC_Trig          adc.o
    0x00000af8   0x00000af8   0x0000002c   Code   RO          243    i.BSP_SysInit       my_include.o
    0x00000b24   0x00000b24   0x00000026   Code   RO         2515    i.GPIODirModeSet    gpio.o
    0x00000b4a   0x00000b4a   0x0000011c   Code   RO         2527    i.GPIOPadConfigSet  gpio.o
    0x00000c66   0x00000c66   0x00000002   PAD
    0x00000c68   0x00000c68   0x00000044   Code   RO         2528    i.GPIOPinConfigure  gpio.o
    0x00000cac   0x00000cac   0x00000006   Code   RO         2529    i.GPIOPinRead       gpio.o
    0x00000cb2   0x00000cb2   0x0000001c   Code   RO         2530    i.GPIOPinTypeADC    gpio.o
    0x00000cce   0x00000cce   0x0000001c   Code   RO         2538    i.GPIOPinTypeGPIOInput  gpio.o
    0x00000cea   0x00000cea   0x0000001c   Code   RO         2546    i.GPIOPinTypePWM    gpio.o
    0x00000d06   0x00000d06   0x0000001c   Code   RO         2547    i.GPIOPinTypeQEI    gpio.o
    0x00000d22   0x00000d22   0x0000001c   Code   RO         2551    i.GPIOPinTypeUART   gpio.o
    0x00000d3e   0x00000d3e   0x00000006   Code   RO         2557    i.GPIOPinWrite      gpio.o
    0x00000d44   0x00000d44   0x00000050   Code   RO          566    i.InitConsole       uart_init.o
    0x00000d94   0x00000d94   0x0000005c   Code   RO         3479    i.IntEnable         interrupt.o
    0x00000df0   0x00000df0   0x00000024   Code   RO         3490    i.IntPrioritySet    interrupt.o
    0x00000e14   0x00000e14   0x00000030   Code   RO         3491    i.IntRegister       interrupt.o
    0x00000e44   0x00000e44   0x00000038   Code   RO          470    i.KEY_init          key.o
    0x00000e7c   0x00000e7c   0x00000024   Code   RO          639    i.LED_Init          drv_led.o
    0x00000ea0   0x00000ea0   0x000000b4   Code   RO          327    i.PIDSpeed_Realize  pid.o
    0x00000f54   0x00000f54   0x00000038   Code   RO          329    i.PID_Speed_Init    pid.o
    0x00000f8c   0x00000f8c   0x0000000c   Code   RO          494    i.PWMDutyCycleSet   pwm_model.o
    0x00000f98   0x00000f98   0x00000028   Code   RO         3952    i.PWMGenConfigure   pwm.o
    0x00000fc0   0x00000fc0   0x0000000a   Code   RO         3954    i.PWMGenEnable      pwm.o
    0x00000fca   0x00000fca   0x00000014   Code   RO         3967    i.PWMGenPeriodSet   pwm.o
    0x00000fde   0x00000fde   0x00000002   PAD
    0x00000fe0   0x00000fe0   0x00000058   Code   RO          495    i.PWMOUTSet         pwm_model.o
    0x00001038   0x00001038   0x00000010   Code   RO         3974    i.PWMOutputState    pwm.o
    0x00001048   0x00001048   0x0000001e   Code   RO         3977    i.PWMPulseWidthSet  pwm.o
    0x00001066   0x00001066   0x00000002   PAD
    0x00001068   0x00001068   0x000000c0   Code   RO          496    i.PWM_Config        pwm_model.o
    0x00001128   0x00001128   0x00000006   Code   RO          521    i.QEI0_IRQHandler   qei_model.o
    0x0000112e   0x0000112e   0x0000000e   Code   RO         4176    i.QEIConfigure      qei.o
    0x0000113c   0x0000113c   0x00000010   Code   RO         4177    i.QEIDirectionGet   qei.o
    0x0000114c   0x0000114c   0x0000000a   Code   RO         4179    i.QEIEnable         qei.o
    0x00001156   0x00001156   0x00000004   Code   RO         4184    i.QEIIntClear       qei.o
    0x0000115a   0x0000115a   0x00000008   Code   RO         4186    i.QEIIntEnable      qei.o
    0x00001162   0x00001162   0x0000001a   Code   RO         4187    i.QEIIntRegister    qei.o
    0x0000117c   0x0000117c   0x0000000a   Code   RO         4188    i.QEIIntStatus      qei.o
    0x00001186   0x00001186   0x00000004   Code   RO         4190    i.QEIPositionGet    qei.o
    0x0000118a   0x0000118a   0x00000010   Code   RO         4192    i.QEIVelocityConfigure  qei.o
    0x0000119a   0x0000119a   0x0000000a   Code   RO         4194    i.QEIVelocityEnable  qei.o
    0x000011a4   0x000011a4   0x00000004   Code   RO         4195    i.QEIVelocityGet    qei.o
    0x000011a8   0x000011a8   0x0000000c   Code   RO          522    i.QEI_Config        qei_model.o
    0x000011b4   0x000011b4   0x000000bc   Code   RO          523    i.QEI_InitConfig    qei_model.o
    0x00001270   0x00001270   0x0000013c   Code   RO         4638    i.SysCtlClockGet    sysctl.o
    0x000013ac   0x000013ac   0x00000014   Code   RO         4664    i.SysCtlPWMClockSet  sysctl.o
    0x000013c0   0x000013c0   0x00000028   Code   RO         4669    i.SysCtlPeripheralEnable  sysctl.o
    0x000013e8   0x000013e8   0x0000002c   Code   RO         4673    i.SysCtlPeripheralReady  sysctl.o
    0x00001414   0x00001414   0x00000006   Code   RO         5348    i.UARTClockSourceSet  uart.o
    0x0000141a   0x0000141a   0x00000002   PAD
    0x0000141c   0x0000141c   0x0000005c   Code   RO          587    i.UARTStdioConfig   uartstdio.o
    0x00001478   0x00001478   0x00000012   Code   RO          590    i.UARTprintf        uartstdio.o
    0x0000148a   0x0000148a   0x00000002   PAD
    0x0000148c   0x0000148c   0x000001b4   Code   RO          591    i.UARTvprintf       uartstdio.o
    0x00001640   0x00001640   0x0000003c   Code   RO          592    i.UARTwrite         uartstdio.o
    0x0000167c   0x0000167c   0x00000050   Code   RO          694    i._ADCIntNumberGet  adc_1.o
    0x000016cc   0x000016cc   0x00000044   Code   RO         4196    i._QEIIntNumberGet  qei.o
    0x00001710   0x00001710   0x0000000e   Code   RO         7304    i.__scatterload_copy  mc_w.l(handlers.o)
    0x0000171e   0x0000171e   0x00000002   Code   RO         7305    i.__scatterload_null  mc_w.l(handlers.o)
    0x00001720   0x00001720   0x0000000e   Code   RO         7306    i.__scatterload_zeroinit  mc_w.l(handlers.o)
    0x0000172e   0x0000172e   0x00000002   PAD
    0x00001730   0x00001730   0x0000005c   Code   RO          471    i.key_scan          key.o
    0x0000178c   0x0000178c   0x0000007c   Code   RO            1    i.main              main.o
    0x00001808   0x00001808   0x00000034   Code   RO         6856    i.prvAddCurrentTaskToDelayedList  tasks.o
    0x0000183c   0x0000183c   0x00000058   Code   RO         6857    i.prvCheckTasksWaitingTermination  tasks.o
    0x00001894   0x00001894   0x00000006   Code   RO         6858    i.prvIdleTask       tasks.o
    0x0000189a   0x0000189a   0x00000002   PAD
    0x0000189c   0x0000189c   0x00000020   Code   RO         6860    i.prvResetNextTaskUnblockTime  tasks.o
    0x000018bc   0x000018bc   0x00000010   Code   RO         7198    i.prvTaskExitError  port.o
    0x000018cc   0x000018cc   0x000000b4   Code   RO         7164    i.pvPortMalloc      heap_2.o
    0x00001980   0x00001980   0x00000028   Code   RO         7199    i.pxPortInitialiseStack  port.o
    0x000019a8   0x000019a8   0x00000060   Code   RO          524    i.qei_irq_handler   qei_model.o
    0x00001a08   0x00001a08   0x00000118   Code   RO            2    i.start_task        main.o
    0x00001b20   0x00001b20   0x00000034   Code   RO          198    i.task_adc          usr_tasks.o
    0x00001b54   0x00001b54   0x000000b4   Code   RO          199    i.task_blinky       usr_tasks.o
    0x00001c08   0x00001c08   0x00000016   Code   RO          200    i.task_key          usr_tasks.o
    0x00001c1e   0x00001c1e   0x00000002   PAD
    0x00001c20   0x00001c20   0x00000088   Code   RO          201    i.task_main         usr_tasks.o
    0x00001ca8   0x00001ca8   0x0000001c   Code   RO          202    i.task_pwm          usr_tasks.o
    0x00001cc4   0x00001cc4   0x00000040   Code   RO          203    i.task_qei          usr_tasks.o
    0x00001d04   0x00001d04   0x00000024   Code   RO         6658    i.uxListRemove      list.o
    0x00001d28   0x00001d28   0x00000002   Code   RO            3    i.vApplicationStackOverflowHook  main.o
    0x00001d2a   0x00001d2a   0x00000016   Code   RO         6659    i.vListInitialise   list.o
    0x00001d40   0x00001d40   0x00000006   Code   RO         6660    i.vListInitialiseItem  list.o
    0x00001d46   0x00001d46   0x00000030   Code   RO         6661    i.vListInsert       list.o
    0x00001d76   0x00001d76   0x00000018   Code   RO         6662    i.vListInsertEnd    list.o
    0x00001d8e   0x00001d8e   0x00000002   PAD
    0x00001d90   0x00001d90   0x0000001c   Code   RO         7201    i.vPortEnterCritical  port.o
    0x00001dac   0x00001dac   0x00000014   Code   RO         7202    i.vPortExitCritical  port.o
    0x00001dc0   0x00001dc0   0x0000003c   Code   RO         7165    i.vPortFree         heap_2.o
    0x00001dfc   0x00001dfc   0x00000010   Code   RO         7203    i.vPortSetupTimerInterrupt  port.o
    0x00001e0c   0x00001e0c   0x00000070   Code   RO         6873    i.vTaskDelayUntil   tasks.o
    0x00001e7c   0x00001e7c   0x00000090   Code   RO         6874    i.vTaskDelete       tasks.o
    0x00001f0c   0x00001f0c   0x00000054   Code   RO         6885    i.vTaskStartScheduler  tasks.o
    0x00001f60   0x00001f60   0x00000010   Code   RO         6887    i.vTaskSuspendAll   tasks.o
    0x00001f70   0x00001f70   0x00000070   Code   RO         6888    i.vTaskSwitchContext  tasks.o
    0x00001fe0   0x00001fe0   0x00000040   Code   RO         7204    i.xPortStartScheduler  port.o
    0x00002020   0x00002020   0x0000002c   Code   RO         7205    i.xPortSysTickHandler  port.o
    0x0000204c   0x0000204c   0x00000188   Code   RO         6890    i.xTaskGenericCreate  tasks.o
    0x000021d4   0x000021d4   0x0000000c   Code   RO         6894    i.xTaskGetTickCount  tasks.o
    0x000021e0   0x000021e0   0x000000b4   Code   RO         6896    i.xTaskIncrementTick  tasks.o
    0x00002294   0x00002294   0x000000b0   Code   RO         6902    i.xTaskResumeAll    tasks.o
    0x00002344   0x00002344   0x0000001c   Data   RO          593    .constdata          uartstdio.o
    0x00002360   0x00002360   0x00000228   Data   RO         2559    .constdata          gpio.o
    0x00002588   0x00002588   0x0000010c   Data   RO         3495    .constdata          interrupt.o
    0x00002694   0x00002694   0x00000254   Data   RO         4692    .constdata          sysctl.o
    0x000028e8   0x000028e8   0x00000011   Data   RO          594    .conststring        uartstdio.o
    0x000028f9   0x000028f9   0x00000003   PAD
    0x000028fc   0x000028fc   0x00000020   Data   RO         7302    Region$$Table       anon$$obj.o


    Execution Region RW_IRAM1 (Exec base: 0x20000000, Load base: 0x0000291c, Size: 0x00003250, Max: 0x00008000, ABSOLUTE, COMPRESSED[0x00000054])

    Exec Addr    Load Addr    Size         Type   Attr      Idx    E Section Name        Object

    0x20000000   COMPRESSED   0x0000001c   Data   RW            4    .data               main.o
    0x2000001c   COMPRESSED   0x00000002   Data   RW          204    .data               usr_tasks.o
    0x2000001e   COMPRESSED   0x00000002   PAD
    0x20000020   COMPRESSED   0x00000010   Data   RW          333    .data               pid.o
    0x20000030   COMPRESSED   0x00000004   Data   RW          373    .data               adc.o
    0x20000034   COMPRESSED   0x00000008   Data   RW          472    .data               key.o
    0x2000003c   COMPRESSED   0x0000006c   Data   RW          525    .data               qei_model.o
    0x200000a8   COMPRESSED   0x00000008   Data   RW          595    .data               uartstdio.o
    0x200000b0   COMPRESSED   0x00000038   Data   RW         6905    .data               tasks.o
    0x200000e8   COMPRESSED   0x00000018   Data   RW         7169    .data               heap_2.o
    0x20000100   COMPRESSED   0x00000004   Data   RW         7206    .data               port.o
    0x20000104   COMPRESSED   0x000002fc   PAD
    0x20000400   COMPRESSED   0x0000026c   Data   RW         3496    vtable              interrupt.o
    0x2000066c        -       0x00000050   Zero   RW          331    .bss                pid.o
    0x200006bc        -       0x00000190   Zero   RW         6904    .bss                tasks.o
    0x2000084c        -       0x00002800   Zero   RW         7168    .bss                heap_2.o
    0x2000304c   COMPRESSED   0x00000004   PAD
    0x20003050        -       0x00000200   Zero   RW          191    STACK               startup_rvmdk.o


==============================================================================

Image component sizes


      Code (inc. data)   RO Data    RW Data    ZI Data      Debug   Object Name

       328         60          0          4          0       1897   adc.o
       428         20          0          0          0       8534   adc_1.o
        36          8          0          0          0        487   drv_led.o
         0          0          0          0          0       1488   event_groups.o
       542         10        552          0          0       7524   gpio.o
       240         12          0         24      10240       3255   heap_2.o
       176         24        268        620          0       2915   interrupt.o
         0          0          0          0          0       6964   inverted pendulum.o
       148         18          0          8          0       1253   key.o
       136          0          0          0          0       3158   list.o
       406        148          0         28          0      15576   main.o
        44          6          0          0          0        506   my_include.o
       236         34          0         16         80       2499   pid.o
       410         46          0          4          0       7180   port.o
       116          4          0          0          0       3063   pwm.o
       292         30          0          0          0       2403   pwm_model.o
       190         20          0          0          0       6867   qei.o
       302         30          0        108          0       3569   qei_model.o
       648        622          0          0        512        292   startup_rvmdk.o
       426         52        596          0          0       4798   sysctl.o
      1406        118          0         56        400      21696   tasks.o
         6          0          0          0          0        561   uart.o
        80         18          0          0          0        522   uart_init.o
       606         30         45          8          0       5236   uartstdio.o
       482        142          0          2          0       3646   usr_tasks.o

    ----------------------------------------------------------------------
      7702       1452       1496       1644      11236     115889   Object Totals
         0          0         32          0          0          0   (incl. Generated)
        18          0          3        766          4          0   (incl. Padding)

    ----------------------------------------------------------------------

      Code (inc. data)   RO Data    RW Data    ZI Data      Debug   Library Member Name

        86          0          0          0          0          0   __dczerorl2.o
         0          0          0          0          0          0   entry.o
         0          0          0          0          0          0   entry10a.o
         0          0          0          0          0          0   entry11a.o
         8          4          0          0          0          0   entry2.o
         4          0          0          0          0          0   entry5.o
         0          0          0          0          0          0   entry7b.o
         0          0          0          0          0          0   entry8b.o
         8          4          0          0          0          0   entry9a.o
        30          0          0          0          0          0   handlers.o
        36          8          0          0          0         68   init.o
         0          0          0          0          0          0   iusefp.o
        30          0          0          0          0         68   llshl.o
        36          0          0          0          0         68   llsshr.o
        32          0          0          0          0         68   llushr.o
        36          0          0          0          0        108   memseta.o
        56          0          0          0          0         88   d2f.o
       334          0          0          0          0        148   dadd.o
       186          0          0          0          0        176   depilogue.o
        62          0          0          0          0         80   dfixi.o
       228          0          0          0          0         96   dmul.o
        38          0          0          0          0         68   f2d.o
       110          0          0          0          0        168   fepilogue.o

    ----------------------------------------------------------------------
      1326         16          0          0          0       1204   Library Totals
         6          0          0          0          0          0   (incl. Padding)

    ----------------------------------------------------------------------

      Code (inc. data)   RO Data    RW Data    ZI Data      Debug   Library Name

       306         16          0          0          0        380   mc_w.l
      1014          0          0          0          0        824   mf_w.l

    ----------------------------------------------------------------------
      1326         16          0          0          0       1204   Library Totals

    ----------------------------------------------------------------------

==============================================================================


      Code (inc. data)   RO Data    RW Data    ZI Data      Debug   

      9028       1468       1496       1644      11236     107109   Grand Totals
      9028       1468       1496         84      11236     107109   ELF Image Totals (compressed)
      9028       1468       1496         84          0          0   ROM Totals

==============================================================================

    Total RO  Size (Code + RO Data)                10524 (  10.28kB)
    Total RW  Size (RW Data + ZI Data)             12880 (  12.58kB)
    Total ROM Size (Code + RO Data + RW Data)      10608 (  10.36kB)

==============================================================================

